2026-09-23 11:56:02,044 INFO o.a.j.u.JMeterUtils: Setting Locale to en_EN
2026-09-23 11:56:02,068 INFO o.a.j.JMeter: Loading user properties from: C:\apache-jmeter-5.6.3\apache-jmeter-5.6.3\bin\user.properties
2026-09-23 11:56:02,068 INFO o.a.j.JMeter: Loading system properties from: C:\apache-jmeter-5.6.3\apache-jmeter-5.6.3\bin\system.properties
2026-09-23 11:56:02,068 INFO o.a.j.JMeter: Setting JMeter property: jmeter.save.saveservice.output_format=csv
2026-09-23 11:56:02,068 INFO o.a.j.JMeter: Setting JMeter property: jmeter.save.saveservice.print_field_names=true
2026-09-23 11:56:02,068 INFO o.a.j.JMeter: Setting JMeter property: jmeter.save.saveservice.timestamp_format=ms
2026-09-23 11:56:02,068 INFO o.a.j.JMeter: Setting JMeter property: jmeter.save.saveservice.default_delimiter=,
2026-09-23 11:56:02,068 INFO o.a.j.JMeter: Setting JMeter property: jmeter.save.saveservice.autoflush=true
2026-09-23 11:56:02,068 INFO o.a.j.JMeter: Setting JMeter property: jmeter.save.saveservice.time=true
2026-09-23 11:56:02,068 INFO o.a.j.JMeter: Setting JMeter property: jmeter.save.saveservice.label=true
2026-09-23 11:56:02,068 INFO o.a.j.JMeter: Setting JMeter property: jmeter.save.saveservice.success=true
2026-09-23 11:56:02,068 INFO o.a.j.JMeter: Setting JMeter property: jmeter.save.saveservice.thread_counts=true
2026-09-23 11:56:02,068 INFO o.a.j.JMeter: Setting JMeter property: jmeter.save.saveservice.response_code=true
2026-09-23 11:56:02,068 INFO o.a.j.JMeter: Setting JMeter property: jmeter.save.saveservice.response_message=true
2026-09-23 11:56:02,082 INFO o.a.j.JMeter: Copyright (c) 1998-2024 The Apache Software Foundation
2026-09-23 11:56:02,082 INFO o.a.j.JMeter: Version 5.6.3
2026-09-23 11:56:02,082 INFO o.a.j.JMeter: java.version=17.0.12
2026-09-23 11:56:02,082 INFO o.a.j.JMeter: java.vm.name=Java HotSpot(TM) 64-Bit Server VM
2026-09-23 11:56:02,082 INFO o.a.j.JMeter: os.name=Windows 11
2026-09-23 11:56:02,082 INFO o.a.j.JMeter: os.arch=amd64
2026-09-23 11:56:02,082 INFO o.a.j.JMeter: os.version=10.0
2026-09-23 11:56:02,082 INFO o.a.j.JMeter: file.encoding=Cp1252
2026-09-23 11:56:02,082 INFO o.a.j.JMeter: java.awt.headless=true
2026-09-23 11:56:02,082 INFO o.a.j.JMeter: Max memory     =1073741824
2026-09-23 11:56:02,082 INFO o.a.j.JMeter: Available Processors =8
2026-09-23 11:56:02,082 INFO o.a.j.JMeter: Default Locale=English (EN)
2026-09-23 11:56:02,082 INFO o.a.j.JMeter: JMeter  Locale=English (EN)
2026-09-23 11:56:02,082 INFO o.a.j.JMeter: JMeterHome=C:\apache-jmeter-5.6.3\apache-jmeter-5.6.3
2026-09-23 11:56:02,082 INFO o.a.j.JMeter: user.dir  =C:\Users\MAILS\OneDrive\Desktop\JMeterTestResultsAccelerator_Working19thNov - LIVETEST (4)\JMeterTestResultsAccelerator_FinalCode_Sep2026 - 23rd\uploads\run_cbe09d95ad43419fb6921c29b43c59d4
2026-09-23 11:56:02,082 INFO o.a.j.JMeter: PWD       =C:\Users\MAILS\OneDrive\Desktop\JMeterTestResultsAccelerator_Working19thNov - LIVETEST (4)\JMeterTestResultsAccelerator_FinalCode_Sep2026 - 23rd\uploads\run_cbe09d95ad43419fb6921c29b43c59d4
2026-09-23 11:56:02,099 INFO o.a.j.JMeter: IP: 10.8.0.113 Name: SiddharthMathur FullName: 10.8.0.113
2026-09-23 11:56:02,113 INFO o.a.j.s.FileServer: Default base='C:\Users\MAILS\OneDrive\Desktop\JMeterTestResultsAccelerator_Working19thNov - LIVETEST (4)\JMeterTestResultsAccelerator_FinalCode_Sep2026 - 23rd\uploads\run_cbe09d95ad43419fb6921c29b43c59d4'
2026-09-23 11:56:02,113 INFO o.a.j.s.FileServer: Set new base='C:\Users\MAILS\OneDrive\Desktop\JMeterTestResultsAccelerator_Working19thNov - LIVETEST (4)\JMeterTestResultsAccelerator_FinalCode_Sep2026 - 23rd\uploads\run_cbe09d95ad43419fb6921c29b43c59d4'
2026-09-23 11:56:02,336 INFO o.a.j.s.SaveService: Testplan (JMX) version: 2.2. Testlog (JTL) version: 2.2
2026-09-23 11:56:02,367 INFO o.a.j.s.SaveService: Using SaveService properties version 5.0
2026-09-23 11:56:02,367 INFO o.a.j.s.SaveService: Using SaveService properties file encoding UTF-8
2026-09-23 11:56:02,367 INFO o.a.j.s.SaveService: Loading file: C:\Users\MAILS\OneDrive\Desktop\JMeterTestResultsAccelerator_Working19thNov - LIVETEST (4)\JMeterTestResultsAccelerator_FinalCode_Sep2026 - 23rd\uploads\run_cbe09d95ad43419fb6921c29b43c59d4\VelocityPulse_Local_Synthetic_Test.jmx
2026-09-23 11:56:02,446 INFO o.a.j.JMeter: Creating summariser <summary>
2026-09-23 11:56:02,477 INFO o.a.j.e.StandardJMeterEngine: Running the test!
2026-09-23 11:56:02,477 INFO o.a.j.s.SampleEvent: List of sample_variables: []
2026-09-23 11:56:02,477 INFO o.a.j.s.SampleEvent: List of sample_variables: []
2026-09-23 11:56:02,479 INFO o.a.j.e.u.CompoundVariable: Note: Function class names must contain the string: '.functions.'
2026-09-23 11:56:02,479 INFO o.a.j.e.u.CompoundVariable: Note: Function class names must not contain the string: '.gui.'
2026-09-23 11:56:02,519 INFO o.a.j.r.ClassFinder: Will scan jar C:\apache-jmeter-5.6.3\apache-jmeter-5.6.3\lib\ext\jmeter-plugins-casutg-3.1.1.jar with filter ExtendsClassFilter [parents=[interface org.apache.jmeter.functions.Function], inner=false, contains=null, notContains=null]. Consider exposing JMeter plugins via META-INF/services, and add JMeter-Skip-Class-Scanning=true manifest attribute so JMeter can skip classfile scanning
2026-09-23 11:56:02,533 INFO o.a.j.r.ClassFinder: Will scan jar C:\apache-jmeter-5.6.3\apache-jmeter-5.6.3\lib\ext\validatetg-1.0.1.jar with filter ExtendsClassFilter [parents=[interface org.apache.jmeter.functions.Function], inner=false, contains=null, notContains=null]. Consider exposing JMeter plugins via META-INF/services, and add JMeter-Skip-Class-Scanning=true manifest attribute so JMeter can skip classfile scanning
2026-09-23 11:56:02,538 INFO o.a.j.r.ClassFinder: Will scan jar C:\apache-jmeter-5.6.3\apache-jmeter-5.6.3\lib\ext\jmeter-plugins-manager-1.11.jar with filter ExtendsClassFilter [parents=[interface org.apache.jmeter.functions.Function], inner=false, contains=null, notContains=null]. Consider exposing JMeter plugins via META-INF/services, and add JMeter-Skip-Class-Scanning=true manifest attribute so JMeter can skip classfile scanning
2026-09-23 11:56:02,773 INFO o.a.j.JMeter: Running test (1790160962773)
2026-09-23 11:56:02,788 INFO o.a.j.e.StandardJMeterEngine: Starting ThreadGroup: 1 : VelocityPulse Users
2026-09-23 11:56:02,788 INFO o.a.j.e.StandardJMeterEngine: Starting 5 threads for group VelocityPulse Users.
2026-09-23 11:56:02,788 INFO o.a.j.e.StandardJMeterEngine: Thread will continue on error
2026-09-23 11:56:02,788 INFO o.a.j.t.ThreadGroup: Starting thread group... number=1 threads=5 ramp-up=5 delayedStart=false
2026-09-23 11:56:02,800 INFO o.a.j.t.ThreadGroup: Started thread group number 1
2026-09-23 11:56:02,800 INFO o.a.j.e.StandardJMeterEngine: All thread groups have been started
2026-09-23 11:56:02,804 INFO o.a.j.t.JMeterThread: Thread started: VelocityPulse Users 1-1
2026-09-23 11:56:02,804 INFO o.a.j.s.SampleResult: Note: Sample TimeStamps are START times
2026-09-23 11:56:02,804 INFO o.a.j.s.SampleResult: sampleresult.default.encoding is set to UTF-8
2026-09-23 11:56:02,804 INFO o.a.j.s.SampleResult: sampleresult.useNanoTime=true
2026-09-23 11:56:02,804 INFO o.a.j.s.SampleResult: sampleresult.nanoThreadSleep=5000
2026-09-23 11:56:03,809 INFO o.a.j.t.JMeterThread: Thread started: VelocityPulse Users 1-2
2026-09-23 11:56:03,879 INFO o.a.j.r.Summariser: summary +      1 in 00:00:01 =    0.9/s Avg:  1065 Min:  1065 Max:  1065 Err:     0 (0.00%) Active: 2 Started: 2 Finished: 0
2026-09-23 11:56:04,808 INFO o.a.j.t.JMeterThread: Thread started: VelocityPulse Users 1-3
2026-09-23 11:56:05,796 INFO o.a.j.t.JMeterThread: Thread started: VelocityPulse Users 1-4
2026-09-23 11:56:06,806 INFO o.a.j.t.JMeterThread: Thread started: VelocityPulse Users 1-5
