2026-09-23 12:04:16,884 INFO o.a.j.u.JMeterUtils: Setting Locale to en_EN
2026-09-23 12:04:16,908 INFO o.a.j.JMeter: Loading user properties from: C:\apache-jmeter-5.6.3\apache-jmeter-5.6.3\bin\user.properties
2026-09-23 12:04:16,908 INFO o.a.j.JMeter: Loading system properties from: C:\apache-jmeter-5.6.3\apache-jmeter-5.6.3\bin\system.properties
2026-09-23 12:04:16,908 INFO o.a.j.JMeter: Setting JMeter property: jmeter.save.saveservice.output_format=csv
2026-09-23 12:04:16,908 INFO o.a.j.JMeter: Setting JMeter property: jmeter.save.saveservice.print_field_names=true
2026-09-23 12:04:16,908 INFO o.a.j.JMeter: Setting JMeter property: jmeter.save.saveservice.timestamp_format=ms
2026-09-23 12:04:16,908 INFO o.a.j.JMeter: Setting JMeter property: jmeter.save.saveservice.default_delimiter=,
2026-09-23 12:04:16,924 INFO o.a.j.JMeter: Setting JMeter property: jmeter.save.saveservice.autoflush=true
2026-09-23 12:04:16,924 INFO o.a.j.JMeter: Setting JMeter property: jmeter.save.saveservice.time=true
2026-09-23 12:04:16,924 INFO o.a.j.JMeter: Setting JMeter property: jmeter.save.saveservice.label=true
2026-09-23 12:04:16,924 INFO o.a.j.JMeter: Setting JMeter property: jmeter.save.saveservice.success=true
2026-09-23 12:04:16,924 INFO o.a.j.JMeter: Setting JMeter property: jmeter.save.saveservice.thread_counts=true
2026-09-23 12:04:16,924 INFO o.a.j.JMeter: Setting JMeter property: jmeter.save.saveservice.response_code=true
2026-09-23 12:04:16,924 INFO o.a.j.JMeter: Setting JMeter property: jmeter.save.saveservice.response_message=true
2026-09-23 12:04:16,934 INFO o.a.j.JMeter: Copyright (c) 1998-2024 The Apache Software Foundation
2026-09-23 12:04:16,936 INFO o.a.j.JMeter: Version 5.6.3
2026-09-23 12:04:16,936 INFO o.a.j.JMeter: java.version=17.0.12
2026-09-23 12:04:16,936 INFO o.a.j.JMeter: java.vm.name=Java HotSpot(TM) 64-Bit Server VM
2026-09-23 12:04:16,936 INFO o.a.j.JMeter: os.name=Windows 11
2026-09-23 12:04:16,936 INFO o.a.j.JMeter: os.arch=amd64
2026-09-23 12:04:16,936 INFO o.a.j.JMeter: os.version=10.0
2026-09-23 12:04:16,936 INFO o.a.j.JMeter: file.encoding=Cp1252
2026-09-23 12:04:16,936 INFO o.a.j.JMeter: java.awt.headless=true
2026-09-23 12:04:16,936 INFO o.a.j.JMeter: Max memory     =1073741824
2026-09-23 12:04:16,936 INFO o.a.j.JMeter: Available Processors =8
2026-09-23 12:04:16,944 INFO o.a.j.JMeter: Default Locale=English (EN)
2026-09-23 12:04:16,944 INFO o.a.j.JMeter: JMeter  Locale=English (EN)
2026-09-23 12:04:16,944 INFO o.a.j.JMeter: JMeterHome=C:\apache-jmeter-5.6.3\apache-jmeter-5.6.3
2026-09-23 12:04:16,944 INFO o.a.j.JMeter: user.dir  =C:\Users\MAILS\OneDrive\Desktop\JMeterTestResultsAccelerator_Working19thNov - LIVETEST (4)\JMeterTestResultsAccelerator_FinalCode_Sep2026 - 23rd\uploads\run_3a6d63f4822c404b8a6a4f5425a0b803
2026-09-23 12:04:16,944 INFO o.a.j.JMeter: PWD       =C:\Users\MAILS\OneDrive\Desktop\JMeterTestResultsAccelerator_Working19thNov - LIVETEST (4)\JMeterTestResultsAccelerator_FinalCode_Sep2026 - 23rd\uploads\run_3a6d63f4822c404b8a6a4f5425a0b803
2026-09-23 12:04:16,962 INFO o.a.j.JMeter: IP: 10.8.0.113 Name: SiddharthMathur FullName: 10.8.0.113
2026-09-23 12:04:16,972 INFO o.a.j.s.FileServer: Default base='C:\Users\MAILS\OneDrive\Desktop\JMeterTestResultsAccelerator_Working19thNov - LIVETEST (4)\JMeterTestResultsAccelerator_FinalCode_Sep2026 - 23rd\uploads\run_3a6d63f4822c404b8a6a4f5425a0b803'
2026-09-23 12:04:16,972 INFO o.a.j.s.FileServer: Set new base='C:\Users\MAILS\OneDrive\Desktop\JMeterTestResultsAccelerator_Working19thNov - LIVETEST (4)\JMeterTestResultsAccelerator_FinalCode_Sep2026 - 23rd\uploads\run_3a6d63f4822c404b8a6a4f5425a0b803'
2026-09-23 12:04:17,181 INFO o.a.j.s.SaveService: Testplan (JMX) version: 2.2. Testlog (JTL) version: 2.2
2026-09-23 12:04:17,215 INFO o.a.j.s.SaveService: Using SaveService properties version 5.0
2026-09-23 12:04:17,218 INFO o.a.j.s.SaveService: Using SaveService properties file encoding UTF-8
2026-09-23 12:04:17,220 INFO o.a.j.s.SaveService: Loading file: C:\Users\MAILS\OneDrive\Desktop\JMeterTestResultsAccelerator_Working19thNov - LIVETEST (4)\JMeterTestResultsAccelerator_FinalCode_Sep2026 - 23rd\uploads\run_3a6d63f4822c404b8a6a4f5425a0b803\VelocityPulse_Local_Synthetic_Test.jmx
2026-09-23 12:04:17,288 INFO o.a.j.JMeter: Creating summariser <summary>
2026-09-23 12:04:17,314 INFO o.a.j.e.StandardJMeterEngine: Running the test!
2026-09-23 12:04:17,314 INFO o.a.j.s.SampleEvent: List of sample_variables: []
2026-09-23 12:04:17,314 INFO o.a.j.s.SampleEvent: List of sample_variables: []
2026-09-23 12:04:17,320 INFO o.a.j.e.u.CompoundVariable: Note: Function class names must contain the string: '.functions.'
2026-09-23 12:04:17,320 INFO o.a.j.e.u.CompoundVariable: Note: Function class names must not contain the string: '.gui.'
2026-09-23 12:04:17,356 INFO o.a.j.r.ClassFinder: Will scan jar C:\apache-jmeter-5.6.3\apache-jmeter-5.6.3\lib\ext\jmeter-plugins-casutg-3.1.1.jar with filter ExtendsClassFilter [parents=[interface org.apache.jmeter.functions.Function], inner=false, contains=null, notContains=null]. Consider exposing JMeter plugins via META-INF/services, and add JMeter-Skip-Class-Scanning=true manifest attribute so JMeter can skip classfile scanning
2026-09-23 12:04:17,356 INFO o.a.j.r.ClassFinder: Will scan jar C:\apache-jmeter-5.6.3\apache-jmeter-5.6.3\lib\ext\validatetg-1.0.1.jar with filter ExtendsClassFilter [parents=[interface org.apache.jmeter.functions.Function], inner=false, contains=null, notContains=null]. Consider exposing JMeter plugins via META-INF/services, and add JMeter-Skip-Class-Scanning=true manifest attribute so JMeter can skip classfile scanning
2026-09-23 12:04:17,371 INFO o.a.j.r.ClassFinder: Will scan jar C:\apache-jmeter-5.6.3\apache-jmeter-5.6.3\lib\ext\jmeter-plugins-manager-1.11.jar with filter ExtendsClassFilter [parents=[interface org.apache.jmeter.functions.Function], inner=false, contains=null, notContains=null]. Consider exposing JMeter plugins via META-INF/services, and add JMeter-Skip-Class-Scanning=true manifest attribute so JMeter can skip classfile scanning
2026-09-23 12:04:17,630 INFO o.a.j.JMeter: Running test (1790161457630)
2026-09-23 12:04:17,646 INFO o.a.j.e.StandardJMeterEngine: Starting ThreadGroup: 1 : VelocityPulse Users
2026-09-23 12:04:17,646 INFO o.a.j.e.StandardJMeterEngine: Starting 5 threads for group VelocityPulse Users.
2026-09-23 12:04:17,646 INFO o.a.j.e.StandardJMeterEngine: Thread will continue on error
2026-09-23 12:04:17,646 INFO o.a.j.t.ThreadGroup: Starting thread group... number=1 threads=5 ramp-up=5 delayedStart=false
2026-09-23 12:04:17,654 INFO o.a.j.t.ThreadGroup: Started thread group number 1
2026-09-23 12:04:17,654 INFO o.a.j.e.StandardJMeterEngine: All thread groups have been started
2026-09-23 12:04:17,656 INFO o.a.j.t.JMeterThread: Thread started: VelocityPulse Users 1-1
2026-09-23 12:04:17,659 INFO o.a.j.s.SampleResult: Note: Sample TimeStamps are START times
2026-09-23 12:04:17,659 INFO o.a.j.s.SampleResult: sampleresult.default.encoding is set to UTF-8
2026-09-23 12:04:17,659 INFO o.a.j.s.SampleResult: sampleresult.useNanoTime=true
2026-09-23 12:04:17,659 INFO o.a.j.s.SampleResult: sampleresult.nanoThreadSleep=5000
2026-09-23 12:04:18,655 INFO o.a.j.t.JMeterThread: Thread started: VelocityPulse Users 1-2
2026-09-23 12:04:19,657 INFO o.a.j.t.JMeterThread: Thread started: VelocityPulse Users 1-3
2026-09-23 12:04:20,662 INFO o.a.j.t.JMeterThread: Thread started: VelocityPulse Users 1-4
2026-09-23 12:04:21,657 INFO o.a.j.t.JMeterThread: Thread started: VelocityPulse Users 1-5
2026-09-23 12:04:30,286 INFO o.a.j.r.Summariser: summary +     61 in 00:00:13 =    4.8/s Avg:   836 Min:   236 Max:  1679 Err:     1 (1.64%) Active: 5 Started: 5 Finished: 0
2026-09-23 12:05:00,025 INFO o.a.j.r.Summariser: summary +    184 in 00:00:30 =    6.2/s Avg:   813 Min:   136 Max:  1701 Err:     5 (2.72%) Active: 5 Started: 5 Finished: 0
2026-09-23 12:05:00,027 INFO o.a.j.r.Summariser: summary =    245 in 00:00:42 =    5.8/s Avg:   819 Min:   136 Max:  1701 Err:     6 (2.45%)
2026-09-23 12:05:14,771 INFO o.a.j.t.JMeterThread: Thread is done: VelocityPulse Users 1-3
2026-09-23 12:05:14,772 INFO o.a.j.t.JMeterThread: Thread finished: VelocityPulse Users 1-3
2026-09-23 12:05:18,874 INFO o.a.j.t.JMeterThread: Thread is done: VelocityPulse Users 1-1
2026-09-23 12:05:18,874 INFO o.a.j.t.JMeterThread: Thread finished: VelocityPulse Users 1-1
2026-09-23 12:05:19,109 INFO o.a.j.t.JMeterThread: Thread is done: VelocityPulse Users 1-2
2026-09-23 12:05:19,109 INFO o.a.j.t.JMeterThread: Thread finished: VelocityPulse Users 1-2
2026-09-23 12:05:20,356 INFO o.a.j.t.JMeterThread: Thread is done: VelocityPulse Users 1-4
2026-09-23 12:05:20,356 INFO o.a.j.t.JMeterThread: Thread finished: VelocityPulse Users 1-4
2026-09-23 12:05:22,675 INFO o.a.j.t.JMeterThread: Thread is done: VelocityPulse Users 1-5
2026-09-23 12:05:22,675 INFO o.a.j.t.JMeterThread: Thread finished: VelocityPulse Users 1-5
2026-09-23 12:05:22,675 INFO o.a.j.e.StandardJMeterEngine: Notifying test listeners of end of test
2026-09-23 12:05:22,675 INFO o.a.j.r.Summariser: summary +    115 in 00:00:23 =    5.1/s Avg:   839 Min:   158 Max:  1617 Err:     6 (5.22%) Active: 0 Started: 5 Finished: 5
2026-09-23 12:05:22,675 INFO o.a.j.r.Summariser: summary =    360 in 00:01:05 =    5.5/s Avg:   825 Min:   136 Max:  1701 Err:    12 (3.33%)
