2026-09-23 22:19:13,690 INFO o.a.j.u.JMeterUtils: Setting Locale to en_EN
2026-09-23 22:19:13,713 INFO o.a.j.JMeter: Loading user properties from: C:\apache-jmeter-5.6.3\apache-jmeter-5.6.3\bin\user.properties
2026-09-23 22:19:13,713 INFO o.a.j.JMeter: Loading system properties from: C:\apache-jmeter-5.6.3\apache-jmeter-5.6.3\bin\system.properties
2026-09-23 22:19:13,726 INFO o.a.j.JMeter: Copyright (c) 1998-2024 The Apache Software Foundation
2026-09-23 22:19:13,726 INFO o.a.j.JMeter: Version 5.6.3
2026-09-23 22:19:13,726 INFO o.a.j.JMeter: java.version=17.0.12
2026-09-23 22:19:13,726 INFO o.a.j.JMeter: java.vm.name=Java HotSpot(TM) 64-Bit Server VM
2026-09-23 22:19:13,726 INFO o.a.j.JMeter: os.name=Windows 11
2026-09-23 22:19:13,726 INFO o.a.j.JMeter: os.arch=amd64
2026-09-23 22:19:13,726 INFO o.a.j.JMeter: os.version=10.0
2026-09-23 22:19:13,726 INFO o.a.j.JMeter: file.encoding=Cp1252
2026-09-23 22:19:13,726 INFO o.a.j.JMeter: java.awt.headless=true
2026-09-23 22:19:13,726 INFO o.a.j.JMeter: Max memory     =1073741824
2026-09-23 22:19:13,726 INFO o.a.j.JMeter: Available Processors =8
2026-09-23 22:19:13,736 INFO o.a.j.JMeter: Default Locale=English (EN)
2026-09-23 22:19:13,736 INFO o.a.j.JMeter: JMeter  Locale=English (EN)
2026-09-23 22:19:13,736 INFO o.a.j.JMeter: JMeterHome=C:\apache-jmeter-5.6.3\apache-jmeter-5.6.3
2026-09-23 22:19:13,736 INFO o.a.j.JMeter: user.dir  =C:\Users\MAILS\OneDrive\Desktop\JMeterTestResultsAccelerator_Working19thNov - LIVETEST (4)\JMeterTestResultsAccelerator_FinalCode_Sep2026 - 23rd
2026-09-23 22:19:13,736 INFO o.a.j.JMeter: PWD       =C:\Users\MAILS\OneDrive\Desktop\JMeterTestResultsAccelerator_Working19thNov - LIVETEST (4)\JMeterTestResultsAccelerator_FinalCode_Sep2026 - 23rd
2026-09-23 22:19:13,745 INFO o.a.j.JMeter: IP: 192.168.0.19 Name: SiddharthMathur FullName: host.docker.internal
2026-09-23 22:19:13,773 INFO o.a.j.s.FileServer: Default base='C:\Users\MAILS\OneDrive\Desktop\JMeterTestResultsAccelerator_Working19thNov - LIVETEST (4)\JMeterTestResultsAccelerator_FinalCode_Sep2026 - 23rd'
2026-09-23 22:19:13,775 INFO o.a.j.s.FileServer: Set new base='C:\Users\MAILS\OneDrive\Desktop\JMeterTestResultsAccelerator_Working19thNov - LIVETEST (4)\JMeterTestResultsAccelerator_FinalCode_Sep2026 - 23rd\uploads\run_bec75acd'
2026-09-23 22:19:14,087 INFO o.a.j.s.SaveService: Testplan (JMX) version: 2.2. Testlog (JTL) version: 2.2
2026-09-23 22:19:14,119 INFO o.a.j.s.SaveService: Using SaveService properties version 5.0
2026-09-23 22:19:14,119 INFO o.a.j.s.SaveService: Using SaveService properties file encoding UTF-8
2026-09-23 22:19:14,119 INFO o.a.j.s.SaveService: Loading file: uploads\run_bec75acd\VelocityPulse_Local_Synthetic_Test.jmx
2026-09-23 22:19:14,198 INFO o.a.j.JMeter: Creating summariser <summary>
2026-09-23 22:19:14,232 INFO o.a.j.e.StandardJMeterEngine: Running the test!
2026-09-23 22:19:14,232 INFO o.a.j.s.SampleEvent: List of sample_variables: []
2026-09-23 22:19:14,232 INFO o.a.j.s.SampleEvent: List of sample_variables: []
2026-09-23 22:19:14,247 INFO o.a.j.e.u.CompoundVariable: Note: Function class names must contain the string: '.functions.'
2026-09-23 22:19:14,247 INFO o.a.j.e.u.CompoundVariable: Note: Function class names must not contain the string: '.gui.'
2026-09-23 22:19:14,300 INFO o.a.j.r.ClassFinder: Will scan jar C:\apache-jmeter-5.6.3\apache-jmeter-5.6.3\lib\ext\jmeter-plugins-casutg-3.1.1.jar with filter ExtendsClassFilter [parents=[interface org.apache.jmeter.functions.Function], inner=false, contains=null, notContains=null]. Consider exposing JMeter plugins via META-INF/services, and add JMeter-Skip-Class-Scanning=true manifest attribute so JMeter can skip classfile scanning
2026-09-23 22:19:14,319 INFO o.a.j.r.ClassFinder: Will scan jar C:\apache-jmeter-5.6.3\apache-jmeter-5.6.3\lib\ext\validatetg-1.0.1.jar with filter ExtendsClassFilter [parents=[interface org.apache.jmeter.functions.Function], inner=false, contains=null, notContains=null]. Consider exposing JMeter plugins via META-INF/services, and add JMeter-Skip-Class-Scanning=true manifest attribute so JMeter can skip classfile scanning
2026-09-23 22:19:14,327 INFO o.a.j.r.ClassFinder: Will scan jar C:\apache-jmeter-5.6.3\apache-jmeter-5.6.3\lib\ext\jmeter-plugins-manager-1.11.jar with filter ExtendsClassFilter [parents=[interface org.apache.jmeter.functions.Function], inner=false, contains=null, notContains=null]. Consider exposing JMeter plugins via META-INF/services, and add JMeter-Skip-Class-Scanning=true manifest attribute so JMeter can skip classfile scanning
2026-09-23 22:19:14,720 INFO o.a.j.JMeter: Running test (1790198354720)
2026-09-23 22:19:14,753 INFO o.a.j.e.StandardJMeterEngine: Starting ThreadGroup: 1 : VelocityPulse Users
2026-09-23 22:19:14,753 INFO o.a.j.e.StandardJMeterEngine: Starting 5 threads for group VelocityPulse Users.
2026-09-23 22:19:14,753 INFO o.a.j.e.StandardJMeterEngine: Thread will continue on error
2026-09-23 22:19:14,753 INFO o.a.j.t.ThreadGroup: Starting thread group... number=1 threads=5 ramp-up=5 delayedStart=false
2026-09-23 22:19:14,762 INFO o.a.j.t.ThreadGroup: Started thread group number 1
2026-09-23 22:19:14,762 INFO o.a.j.e.StandardJMeterEngine: All thread groups have been started
2026-09-23 22:19:14,765 INFO o.a.j.t.JMeterThread: Thread started: VelocityPulse Users 1-1
2026-09-23 22:19:14,769 INFO o.a.j.s.SampleResult: Note: Sample TimeStamps are START times
2026-09-23 22:19:14,769 INFO o.a.j.s.SampleResult: sampleresult.default.encoding is set to UTF-8
2026-09-23 22:19:14,769 INFO o.a.j.s.SampleResult: sampleresult.useNanoTime=true
2026-09-23 22:19:14,769 INFO o.a.j.s.SampleResult: sampleresult.nanoThreadSleep=5000
2026-09-23 22:19:15,769 INFO o.a.j.t.JMeterThread: Thread started: VelocityPulse Users 1-2
2026-09-23 22:19:16,772 INFO o.a.j.t.JMeterThread: Thread started: VelocityPulse Users 1-3
2026-09-23 22:19:17,780 INFO o.a.j.t.JMeterThread: Thread started: VelocityPulse Users 1-4
2026-09-23 22:19:18,763 INFO o.a.j.t.JMeterThread: Thread started: VelocityPulse Users 1-5
2026-09-23 22:19:30,114 INFO o.a.j.r.Summariser: summary +     75 in 00:00:15 =    4.9/s Avg:   859 Min:   151 Max:  3072 Err:     3 (4.00%) Active: 5 Started: 5 Finished: 0
2026-09-23 22:20:00,162 INFO o.a.j.r.Summariser: summary +    181 in 00:00:30 =    6.0/s Avg:   824 Min:   151 Max:  1748 Err:     6 (3.31%) Active: 5 Started: 5 Finished: 0
2026-09-23 22:20:00,164 INFO o.a.j.r.Summariser: summary =    256 in 00:00:45 =    5.6/s Avg:   834 Min:   151 Max:  3072 Err:     9 (3.52%)
2026-09-23 22:20:16,676 INFO o.a.j.t.JMeterThread: Thread is done: VelocityPulse Users 1-4
2026-09-23 22:20:16,676 INFO o.a.j.t.JMeterThread: Thread finished: VelocityPulse Users 1-4
2026-09-23 22:20:16,844 INFO o.a.j.t.JMeterThread: Thread is done: VelocityPulse Users 1-1
2026-09-23 22:20:16,844 INFO o.a.j.t.JMeterThread: Thread finished: VelocityPulse Users 1-1
2026-09-23 22:20:16,901 INFO o.a.j.t.JMeterThread: Thread is done: VelocityPulse Users 1-2
2026-09-23 22:20:16,901 INFO o.a.j.t.JMeterThread: Thread finished: VelocityPulse Users 1-2
2026-09-23 22:20:17,711 INFO o.a.j.t.JMeterThread: Thread is done: VelocityPulse Users 1-5
2026-09-23 22:20:17,711 INFO o.a.j.t.JMeterThread: Thread finished: VelocityPulse Users 1-5
2026-09-23 22:20:18,498 INFO o.a.j.t.JMeterThread: Thread is done: VelocityPulse Users 1-3
2026-09-23 22:20:18,498 INFO o.a.j.t.JMeterThread: Thread finished: VelocityPulse Users 1-3
2026-09-23 22:20:18,499 INFO o.a.j.e.StandardJMeterEngine: Notifying test listeners of end of test
2026-09-23 22:20:18,509 INFO o.a.j.r.Summariser: summary +    104 in 00:00:18 =    5.7/s Avg:   854 Min:   164 Max:  1735 Err:     4 (3.85%) Active: 0 Started: 5 Finished: 5
2026-09-23 22:20:18,513 INFO o.a.j.r.Summariser: summary =    360 in 00:01:04 =    5.6/s Avg:   840 Min:   151 Max:  3072 Err:    13 (3.61%)
