2025-11-20 13:33:47,793 INFO o.a.j.u.JMeterUtils: Setting Locale to en_EN
2025-11-20 13:33:47,848 INFO o.a.j.JMeter: Loading user properties from: C:\apache-jmeter-5.6.3\apache-jmeter-5.6.3\bin\user.properties
2025-11-20 13:33:47,848 INFO o.a.j.JMeter: Loading system properties from: C:\apache-jmeter-5.6.3\apache-jmeter-5.6.3\bin\system.properties
2025-11-20 13:33:47,866 INFO o.a.j.JMeter: Copyright (c) 1998-2024 The Apache Software Foundation
2025-11-20 13:33:47,866 INFO o.a.j.JMeter: Version 5.6.3
2025-11-20 13:33:47,866 INFO o.a.j.JMeter: java.version=17.0.12
2025-11-20 13:33:47,866 INFO o.a.j.JMeter: java.vm.name=Java HotSpot(TM) 64-Bit Server VM
2025-11-20 13:33:47,866 INFO o.a.j.JMeter: os.name=Windows 11
2025-11-20 13:33:47,866 INFO o.a.j.JMeter: os.arch=amd64
2025-11-20 13:33:47,866 INFO o.a.j.JMeter: os.version=10.0
2025-11-20 13:33:47,866 INFO o.a.j.JMeter: file.encoding=Cp1252
2025-11-20 13:33:47,866 INFO o.a.j.JMeter: java.awt.headless=null
2025-11-20 13:33:47,866 INFO o.a.j.JMeter: Max memory     =1073741824
2025-11-20 13:33:47,866 INFO o.a.j.JMeter: Available Processors =8
2025-11-20 13:33:47,891 INFO o.a.j.JMeter: Default Locale=English (EN)
2025-11-20 13:33:47,891 INFO o.a.j.JMeter: JMeter  Locale=English (EN)
2025-11-20 13:33:47,891 INFO o.a.j.JMeter: JMeterHome=C:\apache-jmeter-5.6.3\apache-jmeter-5.6.3
2025-11-20 13:33:47,891 INFO o.a.j.JMeter: user.dir  =C:\Users\MAILS\OneDrive\Desktop\JMeterTestResultsAccelerator_Working19thNov - LIVETEST
2025-11-20 13:33:47,891 INFO o.a.j.JMeter: PWD       =C:\Users\MAILS\OneDrive\Desktop\JMeterTestResultsAccelerator_Working19thNov - LIVETEST
2025-11-20 13:33:47,914 INFO o.a.j.JMeter: IP: 10.8.1.30 Name: SiddharthMathur FullName: 10.8.1.30
