2026-09-23 13:43:37,566 INFO o.a.j.u.JMeterUtils: Setting Locale to en_EN
2026-09-23 13:43:37,601 INFO o.a.j.JMeter: Loading user properties from: C:\apache-jmeter-5.6.3\apache-jmeter-5.6.3\bin\user.properties
2026-09-23 13:43:37,601 INFO o.a.j.JMeter: Loading system properties from: C:\apache-jmeter-5.6.3\apache-jmeter-5.6.3\bin\system.properties
2026-09-23 13:43:37,610 INFO o.a.j.JMeter: Copyright (c) 1998-2024 The Apache Software Foundation
2026-09-23 13:43:37,610 INFO o.a.j.JMeter: Version 5.6.3
2026-09-23 13:43:37,610 INFO o.a.j.JMeter: java.version=17.0.12
2026-09-23 13:43:37,610 INFO o.a.j.JMeter: java.vm.name=Java HotSpot(TM) 64-Bit Server VM
2026-09-23 13:43:37,610 INFO o.a.j.JMeter: os.name=Windows 11
2026-09-23 13:43:37,610 INFO o.a.j.JMeter: os.arch=amd64
2026-09-23 13:43:37,610 INFO o.a.j.JMeter: os.version=10.0
2026-09-23 13:43:37,610 INFO o.a.j.JMeter: file.encoding=Cp1252
2026-09-23 13:43:37,610 INFO o.a.j.JMeter: java.awt.headless=true
2026-09-23 13:43:37,610 INFO o.a.j.JMeter: Max memory     =1073741824
2026-09-23 13:43:37,610 INFO o.a.j.JMeter: Available Processors =8
2026-09-23 13:43:37,625 INFO o.a.j.JMeter: Default Locale=English (EN)
2026-09-23 13:43:37,625 INFO o.a.j.JMeter: JMeter  Locale=English (EN)
2026-09-23 13:43:37,625 INFO o.a.j.JMeter: JMeterHome=C:\apache-jmeter-5.6.3\apache-jmeter-5.6.3
2026-09-23 13:43:37,625 INFO o.a.j.JMeter: user.dir  =C:\Users\MAILS\OneDrive\Desktop\JMeterTestResultsAccelerator_Working19thNov - LIVETEST (4)\JMeterTestResultsAccelerator_FinalCode_Sep2026 - 23rd
2026-09-23 13:43:37,632 INFO o.a.j.JMeter: PWD       =C:\Users\MAILS\OneDrive\Desktop\JMeterTestResultsAccelerator_Working19thNov - LIVETEST (4)\JMeterTestResultsAccelerator_FinalCode_Sep2026 - 23rd
2026-09-23 13:43:37,641 INFO o.a.j.JMeter: IP: 10.8.0.113 Name: SiddharthMathur FullName: 10.8.0.113
2026-09-23 13:43:37,665 INFO o.a.j.s.FileServer: Default base='C:\Users\MAILS\OneDrive\Desktop\JMeterTestResultsAccelerator_Working19thNov - LIVETEST (4)\JMeterTestResultsAccelerator_FinalCode_Sep2026 - 23rd'
2026-09-23 13:43:37,665 INFO o.a.j.s.FileServer: Set new base='C:\Users\MAILS\OneDrive\Desktop\JMeterTestResultsAccelerator_Working19thNov - LIVETEST (4)\JMeterTestResultsAccelerator_FinalCode_Sep2026 - 23rd\uploads\run_810cbf5e'
2026-09-23 13:43:37,862 INFO o.a.j.s.SaveService: Testplan (JMX) version: 2.2. Testlog (JTL) version: 2.2
2026-09-23 13:43:37,894 INFO o.a.j.s.SaveService: Using SaveService properties version 5.0
2026-09-23 13:43:37,894 INFO o.a.j.s.SaveService: Using SaveService properties file encoding UTF-8
2026-09-23 13:43:37,894 INFO o.a.j.s.SaveService: Loading file: uploads\run_810cbf5e\VelocityPulse_Local_Synthetic_Test.jmx
2026-09-23 13:43:37,953 INFO o.a.j.JMeter: Creating summariser <summary>
2026-09-23 13:43:37,974 INFO o.a.j.e.StandardJMeterEngine: Running the test!
2026-09-23 13:43:37,976 INFO o.a.j.s.SampleEvent: List of sample_variables: []
2026-09-23 13:43:37,976 INFO o.a.j.s.SampleEvent: List of sample_variables: []
2026-09-23 13:43:37,978 INFO o.a.j.e.u.CompoundVariable: Note: Function class names must contain the string: '.functions.'
2026-09-23 13:43:37,978 INFO o.a.j.e.u.CompoundVariable: Note: Function class names must not contain the string: '.gui.'
2026-09-23 13:43:38,021 INFO o.a.j.r.ClassFinder: Will scan jar C:\apache-jmeter-5.6.3\apache-jmeter-5.6.3\lib\ext\jmeter-plugins-casutg-3.1.1.jar with filter ExtendsClassFilter [parents=[interface org.apache.jmeter.functions.Function], inner=false, contains=null, notContains=null]. Consider exposing JMeter plugins via META-INF/services, and add JMeter-Skip-Class-Scanning=true manifest attribute so JMeter can skip classfile scanning
2026-09-23 13:43:38,021 INFO o.a.j.r.ClassFinder: Will scan jar C:\apache-jmeter-5.6.3\apache-jmeter-5.6.3\lib\ext\validatetg-1.0.1.jar with filter ExtendsClassFilter [parents=[interface org.apache.jmeter.functions.Function], inner=false, contains=null, notContains=null]. Consider exposing JMeter plugins via META-INF/services, and add JMeter-Skip-Class-Scanning=true manifest attribute so JMeter can skip classfile scanning
2026-09-23 13:43:38,039 INFO o.a.j.r.ClassFinder: Will scan jar C:\apache-jmeter-5.6.3\apache-jmeter-5.6.3\lib\ext\jmeter-plugins-manager-1.11.jar with filter ExtendsClassFilter [parents=[interface org.apache.jmeter.functions.Function], inner=false, contains=null, notContains=null]. Consider exposing JMeter plugins via META-INF/services, and add JMeter-Skip-Class-Scanning=true manifest attribute so JMeter can skip classfile scanning
2026-09-23 13:43:38,346 INFO o.a.j.JMeter: Running test (1790167418346)
2026-09-23 13:43:38,359 INFO o.a.j.e.StandardJMeterEngine: Starting ThreadGroup: 1 : VelocityPulse Users
2026-09-23 13:43:38,359 INFO o.a.j.e.StandardJMeterEngine: Starting 5 threads for group VelocityPulse Users.
2026-09-23 13:43:38,359 INFO o.a.j.e.StandardJMeterEngine: Thread will continue on error
2026-09-23 13:43:38,359 INFO o.a.j.t.ThreadGroup: Starting thread group... number=1 threads=5 ramp-up=5 delayedStart=false
2026-09-23 13:43:38,367 INFO o.a.j.t.ThreadGroup: Started thread group number 1
2026-09-23 13:43:38,367 INFO o.a.j.e.StandardJMeterEngine: All thread groups have been started
2026-09-23 13:43:38,370 INFO o.a.j.t.JMeterThread: Thread started: VelocityPulse Users 1-1
2026-09-23 13:43:38,370 INFO o.a.j.s.SampleResult: Note: Sample TimeStamps are START times
2026-09-23 13:43:38,370 INFO o.a.j.s.SampleResult: sampleresult.default.encoding is set to UTF-8
2026-09-23 13:43:38,370 INFO o.a.j.s.SampleResult: sampleresult.useNanoTime=true
2026-09-23 13:43:38,370 INFO o.a.j.s.SampleResult: sampleresult.nanoThreadSleep=5000
2026-09-23 13:43:39,384 INFO o.a.j.t.JMeterThread: Thread started: VelocityPulse Users 1-2
2026-09-23 13:43:40,374 INFO o.a.j.t.JMeterThread: Thread started: VelocityPulse Users 1-3
2026-09-23 13:43:41,364 INFO o.a.j.t.JMeterThread: Thread started: VelocityPulse Users 1-4
2026-09-23 13:43:42,365 INFO o.a.j.t.JMeterThread: Thread started: VelocityPulse Users 1-5
2026-09-23 13:44:00,613 INFO o.a.j.r.Summariser: summary +    117 in 00:00:22 =    5.3/s Avg:   834 Min:   147 Max:  1705 Err:     6 (5.13%) Active: 5 Started: 5 Finished: 0
2026-09-23 13:44:30,219 INFO o.a.j.r.Summariser: summary +    178 in 00:00:30 =    6.0/s Avg:   833 Min:   129 Max:  1736 Err:     7 (3.93%) Active: 5 Started: 5 Finished: 0
2026-09-23 13:44:30,219 INFO o.a.j.r.Summariser: summary =    295 in 00:00:52 =    5.7/s Avg:   834 Min:   129 Max:  1736 Err:    13 (4.41%)
2026-09-23 13:44:37,282 INFO o.a.j.t.JMeterThread: Thread is done: VelocityPulse Users 1-1
2026-09-23 13:44:37,282 INFO o.a.j.t.JMeterThread: Thread finished: VelocityPulse Users 1-1
2026-09-23 13:44:38,574 INFO o.a.j.t.JMeterThread: Thread is done: VelocityPulse Users 1-2
2026-09-23 13:44:38,574 INFO o.a.j.t.JMeterThread: Thread finished: VelocityPulse Users 1-2
2026-09-23 13:44:41,804 INFO o.a.j.t.JMeterThread: Thread is done: VelocityPulse Users 1-3
2026-09-23 13:44:41,804 INFO o.a.j.t.JMeterThread: Thread finished: VelocityPulse Users 1-3
2026-09-23 13:44:42,171 INFO o.a.j.t.JMeterThread: Thread is done: VelocityPulse Users 1-4
2026-09-23 13:44:42,171 INFO o.a.j.t.JMeterThread: Thread finished: VelocityPulse Users 1-4
2026-09-23 13:44:42,734 INFO o.a.j.t.JMeterThread: Thread is done: VelocityPulse Users 1-5
2026-09-23 13:44:42,734 INFO o.a.j.t.JMeterThread: Thread finished: VelocityPulse Users 1-5
2026-09-23 13:44:42,735 INFO o.a.j.e.StandardJMeterEngine: Notifying test listeners of end of test
2026-09-23 13:44:42,751 INFO o.a.j.r.Summariser: summary +     65 in 00:00:13 =    5.2/s Avg:   837 Min:   239 Max:  1707 Err:     3 (4.62%) Active: 0 Started: 5 Finished: 5
2026-09-23 13:44:42,751 INFO o.a.j.r.Summariser: summary =    360 in 00:01:04 =    5.6/s Avg:   834 Min:   129 Max:  1736 Err:    16 (4.44%)
