2026-09-23 13:57:23,874 INFO o.a.j.u.JMeterUtils: Setting Locale to en_EN
2026-09-23 13:57:23,892 INFO o.a.j.JMeter: Loading user properties from: C:\apache-jmeter-5.6.3\apache-jmeter-5.6.3\bin\user.properties
2026-09-23 13:57:23,892 INFO o.a.j.JMeter: Loading system properties from: C:\apache-jmeter-5.6.3\apache-jmeter-5.6.3\bin\system.properties
2026-09-23 13:57:23,892 INFO o.a.j.JMeter: Copyright (c) 1998-2024 The Apache Software Foundation
2026-09-23 13:57:23,892 INFO o.a.j.JMeter: Version 5.6.3
2026-09-23 13:57:23,892 INFO o.a.j.JMeter: java.version=17.0.12
2026-09-23 13:57:23,892 INFO o.a.j.JMeter: java.vm.name=Java HotSpot(TM) 64-Bit Server VM
2026-09-23 13:57:23,892 INFO o.a.j.JMeter: os.name=Windows 11
2026-09-23 13:57:23,903 INFO o.a.j.JMeter: os.arch=amd64
2026-09-23 13:57:23,903 INFO o.a.j.JMeter: os.version=10.0
2026-09-23 13:57:23,903 INFO o.a.j.JMeter: file.encoding=Cp1252
2026-09-23 13:57:23,903 INFO o.a.j.JMeter: java.awt.headless=true
2026-09-23 13:57:23,903 INFO o.a.j.JMeter: Max memory     =1073741824
2026-09-23 13:57:23,903 INFO o.a.j.JMeter: Available Processors =8
2026-09-23 13:57:23,911 INFO o.a.j.JMeter: Default Locale=English (EN)
2026-09-23 13:57:23,911 INFO o.a.j.JMeter: JMeter  Locale=English (EN)
2026-09-23 13:57:23,911 INFO o.a.j.JMeter: JMeterHome=C:\apache-jmeter-5.6.3\apache-jmeter-5.6.3
2026-09-23 13:57:23,911 INFO o.a.j.JMeter: user.dir  =C:\Users\MAILS\OneDrive\Desktop\JMeterTestResultsAccelerator_Working19thNov - LIVETEST (4)\JMeterTestResultsAccelerator_FinalCode_Sep2026 - 23rd
2026-09-23 13:57:23,911 INFO o.a.j.JMeter: PWD       =C:\Users\MAILS\OneDrive\Desktop\JMeterTestResultsAccelerator_Working19thNov - LIVETEST (4)\JMeterTestResultsAccelerator_FinalCode_Sep2026 - 23rd
2026-09-23 13:57:23,937 INFO o.a.j.JMeter: IP: 10.8.0.113 Name: SiddharthMathur FullName: 10.8.0.113
2026-09-23 13:57:23,946 INFO o.a.j.s.FileServer: Default base='C:\Users\MAILS\OneDrive\Desktop\JMeterTestResultsAccelerator_Working19thNov - LIVETEST (4)\JMeterTestResultsAccelerator_FinalCode_Sep2026 - 23rd'
2026-09-23 13:57:23,946 INFO o.a.j.s.FileServer: Set new base='C:\Users\MAILS\OneDrive\Desktop\JMeterTestResultsAccelerator_Working19thNov - LIVETEST (4)\JMeterTestResultsAccelerator_FinalCode_Sep2026 - 23rd\uploads\run_e9ce81a7'
2026-09-23 13:57:24,148 INFO o.a.j.s.SaveService: Testplan (JMX) version: 2.2. Testlog (JTL) version: 2.2
2026-09-23 13:57:24,179 INFO o.a.j.s.SaveService: Using SaveService properties version 5.0
2026-09-23 13:57:24,179 INFO o.a.j.s.SaveService: Using SaveService properties file encoding UTF-8
2026-09-23 13:57:24,179 INFO o.a.j.s.SaveService: Loading file: uploads\run_e9ce81a7\VelocityPulse_Local_Synthetic_Test.jmx
2026-09-23 13:57:24,262 INFO o.a.j.JMeter: Creating summariser <summary>
2026-09-23 13:57:24,282 INFO o.a.j.e.StandardJMeterEngine: Running the test!
2026-09-23 13:57:24,284 INFO o.a.j.s.SampleEvent: List of sample_variables: []
2026-09-23 13:57:24,284 INFO o.a.j.s.SampleEvent: List of sample_variables: []
2026-09-23 13:57:24,290 INFO o.a.j.e.u.CompoundVariable: Note: Function class names must contain the string: '.functions.'
2026-09-23 13:57:24,290 INFO o.a.j.e.u.CompoundVariable: Note: Function class names must not contain the string: '.gui.'
2026-09-23 13:57:24,336 INFO o.a.j.r.ClassFinder: Will scan jar C:\apache-jmeter-5.6.3\apache-jmeter-5.6.3\lib\ext\jmeter-plugins-casutg-3.1.1.jar with filter ExtendsClassFilter [parents=[interface org.apache.jmeter.functions.Function], inner=false, contains=null, notContains=null]. Consider exposing JMeter plugins via META-INF/services, and add JMeter-Skip-Class-Scanning=true manifest attribute so JMeter can skip classfile scanning
2026-09-23 13:57:24,348 INFO o.a.j.r.ClassFinder: Will scan jar C:\apache-jmeter-5.6.3\apache-jmeter-5.6.3\lib\ext\validatetg-1.0.1.jar with filter ExtendsClassFilter [parents=[interface org.apache.jmeter.functions.Function], inner=false, contains=null, notContains=null]. Consider exposing JMeter plugins via META-INF/services, and add JMeter-Skip-Class-Scanning=true manifest attribute so JMeter can skip classfile scanning
2026-09-23 13:57:24,350 INFO o.a.j.r.ClassFinder: Will scan jar C:\apache-jmeter-5.6.3\apache-jmeter-5.6.3\lib\ext\jmeter-plugins-manager-1.11.jar with filter ExtendsClassFilter [parents=[interface org.apache.jmeter.functions.Function], inner=false, contains=null, notContains=null]. Consider exposing JMeter plugins via META-INF/services, and add JMeter-Skip-Class-Scanning=true manifest attribute so JMeter can skip classfile scanning
2026-09-23 13:57:24,635 INFO o.a.j.JMeter: Running test (1790168244635)
2026-09-23 13:57:24,662 INFO o.a.j.e.StandardJMeterEngine: Starting ThreadGroup: 1 : VelocityPulse Users
2026-09-23 13:57:24,663 INFO o.a.j.e.StandardJMeterEngine: Starting 5 threads for group VelocityPulse Users.
2026-09-23 13:57:24,663 INFO o.a.j.e.StandardJMeterEngine: Thread will continue on error
2026-09-23 13:57:24,663 INFO o.a.j.t.ThreadGroup: Starting thread group... number=1 threads=5 ramp-up=5 delayedStart=false
2026-09-23 13:57:24,670 INFO o.a.j.t.ThreadGroup: Started thread group number 1
2026-09-23 13:57:24,670 INFO o.a.j.e.StandardJMeterEngine: All thread groups have been started
2026-09-23 13:57:24,676 INFO o.a.j.t.JMeterThread: Thread started: VelocityPulse Users 1-1
2026-09-23 13:57:24,680 INFO o.a.j.s.SampleResult: Note: Sample TimeStamps are START times
2026-09-23 13:57:24,681 INFO o.a.j.s.SampleResult: sampleresult.default.encoding is set to UTF-8
2026-09-23 13:57:24,681 INFO o.a.j.s.SampleResult: sampleresult.useNanoTime=true
2026-09-23 13:57:24,681 INFO o.a.j.s.SampleResult: sampleresult.nanoThreadSleep=5000
2026-09-23 13:57:25,678 INFO o.a.j.t.JMeterThread: Thread started: VelocityPulse Users 1-2
2026-09-23 13:57:26,687 INFO o.a.j.t.JMeterThread: Thread started: VelocityPulse Users 1-3
2026-09-23 13:57:27,671 INFO o.a.j.t.JMeterThread: Thread started: VelocityPulse Users 1-4
2026-09-23 13:57:28,672 INFO o.a.j.t.JMeterThread: Thread started: VelocityPulse Users 1-5
2026-09-23 13:57:30,121 INFO o.a.j.r.Summariser: summary +     18 in 00:00:05 =    3.3/s Avg:   785 Min:   201 Max:  1403 Err:     3 (16.67%) Active: 5 Started: 5 Finished: 0
2026-09-23 13:58:00,123 INFO o.a.j.r.Summariser: summary +    175 in 00:00:30 =    5.8/s Avg:   866 Min:   190 Max:  1730 Err:    12 (6.86%) Active: 5 Started: 5 Finished: 0
2026-09-23 13:58:00,123 INFO o.a.j.r.Summariser: summary =    193 in 00:00:35 =    5.4/s Avg:   858 Min:   190 Max:  1730 Err:    15 (7.77%)
2026-09-23 13:58:25,871 INFO o.a.j.t.JMeterThread: Thread is done: VelocityPulse Users 1-1
2026-09-23 13:58:25,872 INFO o.a.j.t.JMeterThread: Thread finished: VelocityPulse Users 1-1
2026-09-23 13:58:26,704 INFO o.a.j.t.JMeterThread: Thread is done: VelocityPulse Users 1-2
2026-09-23 13:58:26,704 INFO o.a.j.t.JMeterThread: Thread is done: VelocityPulse Users 1-5
2026-09-23 13:58:26,704 INFO o.a.j.t.JMeterThread: Thread finished: VelocityPulse Users 1-2
2026-09-23 13:58:26,704 INFO o.a.j.t.JMeterThread: Thread finished: VelocityPulse Users 1-5
2026-09-23 13:58:27,686 INFO o.a.j.t.JMeterThread: Thread is done: VelocityPulse Users 1-3
2026-09-23 13:58:27,686 INFO o.a.j.t.JMeterThread: Thread finished: VelocityPulse Users 1-3
2026-09-23 13:58:30,070 INFO o.a.j.r.Summariser: summary +    167 in 00:00:30 =    5.6/s Avg:   823 Min:   231 Max:  1696 Err:     6 (3.59%) Active: 1 Started: 5 Finished: 4
2026-09-23 13:58:30,070 INFO o.a.j.r.Summariser: summary =    360 in 00:01:05 =    5.5/s Avg:   842 Min:   190 Max:  1730 Err:    21 (5.83%)
2026-09-23 13:58:30,070 INFO o.a.j.t.JMeterThread: Thread is done: VelocityPulse Users 1-4
2026-09-23 13:58:30,070 INFO o.a.j.t.JMeterThread: Thread finished: VelocityPulse Users 1-4
2026-09-23 13:58:30,070 INFO o.a.j.e.StandardJMeterEngine: Notifying test listeners of end of test
2026-09-23 13:58:30,070 INFO o.a.j.r.Summariser: summary =    360 in 00:01:05 =    5.5/s Avg:   842 Min:   190 Max:  1730 Err:    21 (5.83%)
