2026-09-23 11:16:29,990 INFO o.a.j.u.JMeterUtils: Setting Locale to en_EN
2026-09-23 11:16:30,100 INFO o.a.j.JMeter: Loading user properties from: C:\apache-jmeter-5.6.3\apache-jmeter-5.6.3\bin\user.properties
2026-09-23 11:16:30,126 INFO o.a.j.JMeter: Loading system properties from: C:\apache-jmeter-5.6.3\apache-jmeter-5.6.3\bin\system.properties
2026-09-23 11:16:30,142 INFO o.a.j.JMeter: Copyright (c) 1998-2024 The Apache Software Foundation
2026-09-23 11:16:30,142 INFO o.a.j.JMeter: Version 5.6.3
2026-09-23 11:16:30,142 INFO o.a.j.JMeter: java.version=17.0.12
2026-09-23 11:16:30,142 INFO o.a.j.JMeter: java.vm.name=Java HotSpot(TM) 64-Bit Server VM
2026-09-23 11:16:30,142 INFO o.a.j.JMeter: os.name=Windows 11
2026-09-23 11:16:30,142 INFO o.a.j.JMeter: os.arch=amd64
2026-09-23 11:16:30,142 INFO o.a.j.JMeter: os.version=10.0
2026-09-23 11:16:30,142 INFO o.a.j.JMeter: file.encoding=Cp1252
2026-09-23 11:16:30,142 INFO o.a.j.JMeter: java.awt.headless=true
2026-09-23 11:16:30,142 INFO o.a.j.JMeter: Max memory     =1073741824
2026-09-23 11:16:30,142 INFO o.a.j.JMeter: Available Processors =8
2026-09-23 11:16:30,191 INFO o.a.j.JMeter: Default Locale=English (EN)
2026-09-23 11:16:30,191 INFO o.a.j.JMeter: JMeter  Locale=English (EN)
2026-09-23 11:16:30,191 INFO o.a.j.JMeter: JMeterHome=C:\apache-jmeter-5.6.3\apache-jmeter-5.6.3
2026-09-23 11:16:30,191 INFO o.a.j.JMeter: user.dir  =C:\Users\MAILS\OneDrive\Desktop\JMeterTestResultsAccelerator_Working19thNov - LIVETEST (4)\JMeterTestResultsAccelerator_FinalCode_Sep2026
2026-09-23 11:16:30,191 INFO o.a.j.JMeter: PWD       =C:\Users\MAILS\OneDrive\Desktop\JMeterTestResultsAccelerator_Working19thNov - LIVETEST (4)\JMeterTestResultsAccelerator_FinalCode_Sep2026
2026-09-23 11:16:30,223 INFO o.a.j.JMeter: IP: 10.8.0.113 Name: SiddharthMathur FullName: 10.8.0.113
2026-09-23 11:16:30,303 INFO o.a.j.s.FileServer: Default base='C:\Users\MAILS\OneDrive\Desktop\JMeterTestResultsAccelerator_Working19thNov - LIVETEST (4)\JMeterTestResultsAccelerator_FinalCode_Sep2026'
2026-09-23 11:16:30,303 INFO o.a.j.s.FileServer: Set new base='C:\Users\MAILS\OneDrive\Desktop\JMeterTestResultsAccelerator_Working19thNov - LIVETEST (4)\JMeterTestResultsAccelerator_FinalCode_Sep2026\uploads\run_e07ff2c6'
2026-09-23 11:16:31,334 INFO o.a.j.s.SaveService: Testplan (JMX) version: 2.2. Testlog (JTL) version: 2.2
2026-09-23 11:16:31,501 INFO o.a.j.s.SaveService: Using SaveService properties version 5.0
2026-09-23 11:16:31,510 INFO o.a.j.s.SaveService: Using SaveService properties file encoding UTF-8
2026-09-23 11:16:31,518 INFO o.a.j.s.SaveService: Loading file: uploads\run_e07ff2c6\VelocityPulse_Local_Synthetic_Test.jmx
2026-09-23 11:16:31,757 INFO o.a.j.JMeter: Creating summariser <summary>
2026-09-23 11:16:31,837 INFO o.a.j.e.StandardJMeterEngine: Running the test!
2026-09-23 11:16:31,837 INFO o.a.j.s.SampleEvent: List of sample_variables: []
2026-09-23 11:16:31,837 INFO o.a.j.s.SampleEvent: List of sample_variables: []
2026-09-23 11:16:31,853 INFO o.a.j.e.u.CompoundVariable: Note: Function class names must contain the string: '.functions.'
2026-09-23 11:16:31,853 INFO o.a.j.e.u.CompoundVariable: Note: Function class names must not contain the string: '.gui.'
2026-09-23 11:16:32,017 INFO o.a.j.r.ClassFinder: Will scan jar C:\apache-jmeter-5.6.3\apache-jmeter-5.6.3\lib\ext\jmeter-plugins-casutg-3.1.1.jar with filter ExtendsClassFilter [parents=[interface org.apache.jmeter.functions.Function], inner=false, contains=null, notContains=null]. Consider exposing JMeter plugins via META-INF/services, and add JMeter-Skip-Class-Scanning=true manifest attribute so JMeter can skip classfile scanning
2026-09-23 11:16:32,050 INFO o.a.j.r.ClassFinder: Will scan jar C:\apache-jmeter-5.6.3\apache-jmeter-5.6.3\lib\ext\validatetg-1.0.1.jar with filter ExtendsClassFilter [parents=[interface org.apache.jmeter.functions.Function], inner=false, contains=null, notContains=null]. Consider exposing JMeter plugins via META-INF/services, and add JMeter-Skip-Class-Scanning=true manifest attribute so JMeter can skip classfile scanning
2026-09-23 11:16:32,067 INFO o.a.j.r.ClassFinder: Will scan jar C:\apache-jmeter-5.6.3\apache-jmeter-5.6.3\lib\ext\jmeter-plugins-manager-1.11.jar with filter ExtendsClassFilter [parents=[interface org.apache.jmeter.functions.Function], inner=false, contains=null, notContains=null]. Consider exposing JMeter plugins via META-INF/services, and add JMeter-Skip-Class-Scanning=true manifest attribute so JMeter can skip classfile scanning
2026-09-23 11:16:33,084 INFO o.a.j.JMeter: Running test (1790158593084)
2026-09-23 11:16:33,139 INFO o.a.j.e.StandardJMeterEngine: Starting ThreadGroup: 1 : VelocityPulse Users
2026-09-23 11:16:33,139 INFO o.a.j.e.StandardJMeterEngine: Starting 5 threads for group VelocityPulse Users.
2026-09-23 11:16:33,139 INFO o.a.j.e.StandardJMeterEngine: Thread will continue on error
2026-09-23 11:16:33,139 INFO o.a.j.t.ThreadGroup: Starting thread group... number=1 threads=5 ramp-up=5 delayedStart=false
2026-09-23 11:16:33,156 INFO o.a.j.t.ThreadGroup: Started thread group number 1
2026-09-23 11:16:33,156 INFO o.a.j.e.StandardJMeterEngine: All thread groups have been started
2026-09-23 11:16:33,164 INFO o.a.j.t.JMeterThread: Thread started: VelocityPulse Users 1-1
2026-09-23 11:16:33,172 INFO o.a.j.s.SampleResult: Note: Sample TimeStamps are START times
2026-09-23 11:16:33,172 INFO o.a.j.s.SampleResult: sampleresult.default.encoding is set to UTF-8
2026-09-23 11:16:33,172 INFO o.a.j.s.SampleResult: sampleresult.useNanoTime=true
2026-09-23 11:16:33,172 INFO o.a.j.s.SampleResult: sampleresult.nanoThreadSleep=5000
2026-09-23 11:16:34,163 INFO o.a.j.t.JMeterThread: Thread started: VelocityPulse Users 1-2
2026-09-23 11:16:35,159 INFO o.a.j.t.JMeterThread: Thread started: VelocityPulse Users 1-3
2026-09-23 11:16:36,152 INFO o.a.j.t.JMeterThread: Thread started: VelocityPulse Users 1-4
2026-09-23 11:16:37,156 INFO o.a.j.t.JMeterThread: Thread started: VelocityPulse Users 1-5
2026-09-23 11:17:00,226 INFO o.a.j.r.Summariser: summary +    136 in 00:00:27 =    5.0/s Avg:   906 Min:   157 Max:  4257 Err:     4 (2.94%) Active: 5 Started: 5 Finished: 0
2026-09-23 11:17:30,013 INFO o.a.j.r.Summariser: summary +    182 in 00:00:30 =    6.1/s Avg:   810 Min:   133 Max:  1723 Err:     4 (2.20%) Active: 5 Started: 5 Finished: 0
2026-09-23 11:17:30,013 INFO o.a.j.r.Summariser: summary =    318 in 00:00:57 =    5.6/s Avg:   851 Min:   133 Max:  4257 Err:     8 (2.52%)
2026-09-23 11:17:33,933 INFO o.a.j.t.JMeterThread: Thread is done: VelocityPulse Users 1-1
2026-09-23 11:17:33,933 INFO o.a.j.t.JMeterThread: Thread finished: VelocityPulse Users 1-1
2026-09-23 11:17:35,416 INFO o.a.j.t.JMeterThread: Thread is done: VelocityPulse Users 1-3
2026-09-23 11:17:35,416 INFO o.a.j.t.JMeterThread: Thread finished: VelocityPulse Users 1-3
2026-09-23 11:17:36,264 INFO o.a.j.t.JMeterThread: Thread is done: VelocityPulse Users 1-4
2026-09-23 11:17:36,264 INFO o.a.j.t.JMeterThread: Thread finished: VelocityPulse Users 1-4
2026-09-23 11:17:36,391 INFO o.a.j.t.JMeterThread: Thread is done: VelocityPulse Users 1-2
2026-09-23 11:17:36,391 INFO o.a.j.t.JMeterThread: Thread finished: VelocityPulse Users 1-2
2026-09-23 11:17:39,156 INFO o.a.j.t.JMeterThread: Thread is done: VelocityPulse Users 1-5
2026-09-23 11:17:39,156 INFO o.a.j.t.JMeterThread: Thread finished: VelocityPulse Users 1-5
2026-09-23 11:17:39,156 INFO o.a.j.e.StandardJMeterEngine: Notifying test listeners of end of test
2026-09-23 11:17:39,163 INFO o.a.j.r.Summariser: summary +     42 in 00:00:09 =    4.6/s Avg:   812 Min:   162 Max:  1647 Err:     4 (9.52%) Active: 0 Started: 5 Finished: 5
2026-09-23 11:17:39,163 INFO o.a.j.r.Summariser: summary =    360 in 00:01:06 =    5.4/s Avg:   847 Min:   133 Max:  4257 Err:    12 (3.33%)
