2026-09-23 12:08:50,255 INFO o.a.j.u.JMeterUtils: Setting Locale to en_EN
2026-09-23 12:08:50,283 INFO o.a.j.JMeter: Loading user properties from: C:\apache-jmeter-5.6.3\apache-jmeter-5.6.3\bin\user.properties
2026-09-23 12:08:50,283 INFO o.a.j.JMeter: Loading system properties from: C:\apache-jmeter-5.6.3\apache-jmeter-5.6.3\bin\system.properties
2026-09-23 12:08:50,283 INFO o.a.j.JMeter: Setting JMeter property: jmeter.save.saveservice.output_format=csv
2026-09-23 12:08:50,283 INFO o.a.j.JMeter: Setting JMeter property: jmeter.save.saveservice.print_field_names=true
2026-09-23 12:08:50,283 INFO o.a.j.JMeter: Setting JMeter property: jmeter.save.saveservice.timestamp_format=ms
2026-09-23 12:08:50,283 INFO o.a.j.JMeter: Setting JMeter property: jmeter.save.saveservice.default_delimiter=,
2026-09-23 12:08:50,283 INFO o.a.j.JMeter: Setting JMeter property: jmeter.save.saveservice.autoflush=true
2026-09-23 12:08:50,283 INFO o.a.j.JMeter: Setting JMeter property: jmeter.save.saveservice.time=true
2026-09-23 12:08:50,283 INFO o.a.j.JMeter: Setting JMeter property: jmeter.save.saveservice.label=true
2026-09-23 12:08:50,283 INFO o.a.j.JMeter: Setting JMeter property: jmeter.save.saveservice.success=true
2026-09-23 12:08:50,283 INFO o.a.j.JMeter: Setting JMeter property: jmeter.save.saveservice.thread_counts=true
2026-09-23 12:08:50,283 INFO o.a.j.JMeter: Setting JMeter property: jmeter.save.saveservice.response_code=true
2026-09-23 12:08:50,283 INFO o.a.j.JMeter: Setting JMeter property: jmeter.save.saveservice.response_message=true
2026-09-23 12:08:50,294 INFO o.a.j.JMeter: Copyright (c) 1998-2024 The Apache Software Foundation
2026-09-23 12:08:50,294 INFO o.a.j.JMeter: Version 5.6.3
2026-09-23 12:08:50,296 INFO o.a.j.JMeter: java.version=17.0.12
2026-09-23 12:08:50,296 INFO o.a.j.JMeter: java.vm.name=Java HotSpot(TM) 64-Bit Server VM
2026-09-23 12:08:50,296 INFO o.a.j.JMeter: os.name=Windows 11
2026-09-23 12:08:50,296 INFO o.a.j.JMeter: os.arch=amd64
2026-09-23 12:08:50,296 INFO o.a.j.JMeter: os.version=10.0
2026-09-23 12:08:50,296 INFO o.a.j.JMeter: file.encoding=Cp1252
2026-09-23 12:08:50,296 INFO o.a.j.JMeter: java.awt.headless=true
2026-09-23 12:08:50,296 INFO o.a.j.JMeter: Max memory     =1073741824
2026-09-23 12:08:50,296 INFO o.a.j.JMeter: Available Processors =8
2026-09-23 12:08:50,302 INFO o.a.j.JMeter: Default Locale=English (EN)
2026-09-23 12:08:50,302 INFO o.a.j.JMeter: JMeter  Locale=English (EN)
2026-09-23 12:08:50,302 INFO o.a.j.JMeter: JMeterHome=C:\apache-jmeter-5.6.3\apache-jmeter-5.6.3
2026-09-23 12:08:50,302 INFO o.a.j.JMeter: user.dir  =C:\Users\MAILS\OneDrive\Desktop\JMeterTestResultsAccelerator_Working19thNov - LIVETEST (4)\JMeterTestResultsAccelerator_FinalCode_Sep2026 - 23rd\uploads\run_70f0b8ec0c594222b70e8d33674078ea
2026-09-23 12:08:50,302 INFO o.a.j.JMeter: PWD       =C:\Users\MAILS\OneDrive\Desktop\JMeterTestResultsAccelerator_Working19thNov - LIVETEST (4)\JMeterTestResultsAccelerator_FinalCode_Sep2026 - 23rd\uploads\run_70f0b8ec0c594222b70e8d33674078ea
2026-09-23 12:08:50,328 INFO o.a.j.JMeter: IP: 10.8.0.113 Name: SiddharthMathur FullName: 10.8.0.113
2026-09-23 12:08:50,349 INFO o.a.j.s.FileServer: Default base='C:\Users\MAILS\OneDrive\Desktop\JMeterTestResultsAccelerator_Working19thNov - LIVETEST (4)\JMeterTestResultsAccelerator_FinalCode_Sep2026 - 23rd\uploads\run_70f0b8ec0c594222b70e8d33674078ea'
2026-09-23 12:08:50,349 INFO o.a.j.s.FileServer: Set new base='C:\Users\MAILS\OneDrive\Desktop\JMeterTestResultsAccelerator_Working19thNov - LIVETEST (4)\JMeterTestResultsAccelerator_FinalCode_Sep2026 - 23rd\uploads\run_70f0b8ec0c594222b70e8d33674078ea'
2026-09-23 12:08:50,564 INFO o.a.j.s.SaveService: Testplan (JMX) version: 2.2. Testlog (JTL) version: 2.2
2026-09-23 12:08:50,603 INFO o.a.j.s.SaveService: Using SaveService properties version 5.0
2026-09-23 12:08:50,613 INFO o.a.j.s.SaveService: Using SaveService properties file encoding UTF-8
2026-09-23 12:08:50,617 INFO o.a.j.s.SaveService: Loading file: C:\Users\MAILS\OneDrive\Desktop\JMeterTestResultsAccelerator_Working19thNov - LIVETEST (4)\JMeterTestResultsAccelerator_FinalCode_Sep2026 - 23rd\uploads\run_70f0b8ec0c594222b70e8d33674078ea\VelocityPulse_Local_Synthetic_Test.jmx
2026-09-23 12:08:50,697 INFO o.a.j.JMeter: Creating summariser <summary>
2026-09-23 12:08:50,721 INFO o.a.j.e.StandardJMeterEngine: Running the test!
2026-09-23 12:08:50,721 INFO o.a.j.s.SampleEvent: List of sample_variables: []
2026-09-23 12:08:50,721 INFO o.a.j.s.SampleEvent: List of sample_variables: []
2026-09-23 12:08:50,729 INFO o.a.j.e.u.CompoundVariable: Note: Function class names must contain the string: '.functions.'
2026-09-23 12:08:50,729 INFO o.a.j.e.u.CompoundVariable: Note: Function class names must not contain the string: '.gui.'
2026-09-23 12:08:50,776 INFO o.a.j.r.ClassFinder: Will scan jar C:\apache-jmeter-5.6.3\apache-jmeter-5.6.3\lib\ext\jmeter-plugins-casutg-3.1.1.jar with filter ExtendsClassFilter [parents=[interface org.apache.jmeter.functions.Function], inner=false, contains=null, notContains=null]. Consider exposing JMeter plugins via META-INF/services, and add JMeter-Skip-Class-Scanning=true manifest attribute so JMeter can skip classfile scanning
2026-09-23 12:08:50,790 INFO o.a.j.r.ClassFinder: Will scan jar C:\apache-jmeter-5.6.3\apache-jmeter-5.6.3\lib\ext\validatetg-1.0.1.jar with filter ExtendsClassFilter [parents=[interface org.apache.jmeter.functions.Function], inner=false, contains=null, notContains=null]. Consider exposing JMeter plugins via META-INF/services, and add JMeter-Skip-Class-Scanning=true manifest attribute so JMeter can skip classfile scanning
2026-09-23 12:08:50,797 INFO o.a.j.r.ClassFinder: Will scan jar C:\apache-jmeter-5.6.3\apache-jmeter-5.6.3\lib\ext\jmeter-plugins-manager-1.11.jar with filter ExtendsClassFilter [parents=[interface org.apache.jmeter.functions.Function], inner=false, contains=null, notContains=null]. Consider exposing JMeter plugins via META-INF/services, and add JMeter-Skip-Class-Scanning=true manifest attribute so JMeter can skip classfile scanning
2026-09-23 12:08:51,064 INFO o.a.j.JMeter: Running test (1790161731064)
2026-09-23 12:08:51,086 INFO o.a.j.e.StandardJMeterEngine: Starting ThreadGroup: 1 : VelocityPulse Users
2026-09-23 12:08:51,086 INFO o.a.j.e.StandardJMeterEngine: Starting 5 threads for group VelocityPulse Users.
2026-09-23 12:08:51,086 INFO o.a.j.e.StandardJMeterEngine: Thread will continue on error
2026-09-23 12:08:51,086 INFO o.a.j.t.ThreadGroup: Starting thread group... number=1 threads=5 ramp-up=5 delayedStart=false
2026-09-23 12:08:51,095 INFO o.a.j.t.ThreadGroup: Started thread group number 1
2026-09-23 12:08:51,095 INFO o.a.j.e.StandardJMeterEngine: All thread groups have been started
2026-09-23 12:08:51,098 INFO o.a.j.t.JMeterThread: Thread started: VelocityPulse Users 1-1
2026-09-23 12:08:51,098 INFO o.a.j.s.SampleResult: Note: Sample TimeStamps are START times
2026-09-23 12:08:51,098 INFO o.a.j.s.SampleResult: sampleresult.default.encoding is set to UTF-8
2026-09-23 12:08:51,098 INFO o.a.j.s.SampleResult: sampleresult.useNanoTime=true
2026-09-23 12:08:51,098 INFO o.a.j.s.SampleResult: sampleresult.nanoThreadSleep=5000
2026-09-23 12:08:52,112 INFO o.a.j.t.JMeterThread: Thread started: VelocityPulse Users 1-2
2026-09-23 12:08:53,099 INFO o.a.j.t.JMeterThread: Thread started: VelocityPulse Users 1-3
2026-09-23 12:08:54,104 INFO o.a.j.t.JMeterThread: Thread started: VelocityPulse Users 1-4
2026-09-23 12:08:55,103 INFO o.a.j.t.JMeterThread: Thread started: VelocityPulse Users 1-5
2026-09-23 12:09:00,047 INFO o.a.j.r.Summariser: summary +     38 in 00:00:09 =    4.2/s Avg:   852 Min:   197 Max:  1649 Err:     0 (0.00%) Active: 5 Started: 5 Finished: 0
2026-09-23 12:09:30,040 INFO o.a.j.r.Summariser: summary +    181 in 00:00:30 =    6.0/s Avg:   827 Min:   160 Max:  1747 Err:     7 (3.87%) Active: 5 Started: 5 Finished: 0
2026-09-23 12:09:30,040 INFO o.a.j.r.Summariser: summary =    219 in 00:00:39 =    5.6/s Avg:   832 Min:   160 Max:  1747 Err:     7 (3.20%)
2026-09-23 12:09:51,509 INFO o.a.j.t.JMeterThread: Thread is done: VelocityPulse Users 1-3
2026-09-23 12:09:51,509 INFO o.a.j.t.JMeterThread: Thread finished: VelocityPulse Users 1-3
2026-09-23 12:09:52,797 INFO o.a.j.t.JMeterThread: Thread is done: VelocityPulse Users 1-1
2026-09-23 12:09:52,797 INFO o.a.j.t.JMeterThread: Thread finished: VelocityPulse Users 1-1
2026-09-23 12:09:53,884 INFO o.a.j.t.JMeterThread: Thread is done: VelocityPulse Users 1-4
2026-09-23 12:09:53,884 INFO o.a.j.t.JMeterThread: Thread finished: VelocityPulse Users 1-4
2026-09-23 12:09:54,510 INFO o.a.j.t.JMeterThread: Thread is done: VelocityPulse Users 1-2
2026-09-23 12:09:54,510 INFO o.a.j.t.JMeterThread: Thread finished: VelocityPulse Users 1-2
2026-09-23 12:09:54,837 INFO o.a.j.t.JMeterThread: Thread is done: VelocityPulse Users 1-5
2026-09-23 12:09:54,837 INFO o.a.j.t.JMeterThread: Thread finished: VelocityPulse Users 1-5
2026-09-23 12:09:54,837 INFO o.a.j.e.StandardJMeterEngine: Notifying test listeners of end of test
2026-09-23 12:09:54,852 INFO o.a.j.r.Summariser: summary +    141 in 00:00:25 =    5.7/s Avg:   847 Min:   158 Max:  1696 Err:     6 (4.26%) Active: 0 Started: 5 Finished: 5
2026-09-23 12:09:54,852 INFO o.a.j.r.Summariser: summary =    360 in 00:01:04 =    5.6/s Avg:   838 Min:   158 Max:  1747 Err:    13 (3.61%)
