2026-09-23 12:19:13,819 INFO o.a.j.u.JMeterUtils: Setting Locale to en_EN
2026-09-23 12:19:13,857 INFO o.a.j.JMeter: Loading user properties from: C:\apache-jmeter-5.6.3\apache-jmeter-5.6.3\bin\user.properties
2026-09-23 12:19:13,860 INFO o.a.j.JMeter: Loading system properties from: C:\apache-jmeter-5.6.3\apache-jmeter-5.6.3\bin\system.properties
2026-09-23 12:19:13,862 INFO o.a.j.JMeter: Copyright (c) 1998-2024 The Apache Software Foundation
2026-09-23 12:19:13,862 INFO o.a.j.JMeter: Version 5.6.3
2026-09-23 12:19:13,868 INFO o.a.j.JMeter: java.version=17.0.12
2026-09-23 12:19:13,868 INFO o.a.j.JMeter: java.vm.name=Java HotSpot(TM) 64-Bit Server VM
2026-09-23 12:19:13,868 INFO o.a.j.JMeter: os.name=Windows 11
2026-09-23 12:19:13,878 INFO o.a.j.JMeter: os.arch=amd64
2026-09-23 12:19:13,878 INFO o.a.j.JMeter: os.version=10.0
2026-09-23 12:19:13,878 INFO o.a.j.JMeter: file.encoding=Cp1252
2026-09-23 12:19:13,878 INFO o.a.j.JMeter: java.awt.headless=true
2026-09-23 12:19:13,878 INFO o.a.j.JMeter: Max memory     =1073741824
2026-09-23 12:19:13,878 INFO o.a.j.JMeter: Available Processors =8
2026-09-23 12:19:13,884 INFO o.a.j.JMeter: Default Locale=English (EN)
2026-09-23 12:19:13,884 INFO o.a.j.JMeter: JMeter  Locale=English (EN)
2026-09-23 12:19:13,891 INFO o.a.j.JMeter: JMeterHome=C:\apache-jmeter-5.6.3\apache-jmeter-5.6.3
2026-09-23 12:19:13,891 INFO o.a.j.JMeter: user.dir  =C:\Users\MAILS\OneDrive\Desktop\JMeterTestResultsAccelerator_Working19thNov - LIVETEST (4)\JMeterTestResultsAccelerator_FinalCode_Sep2026 - 23rd
2026-09-23 12:19:13,891 INFO o.a.j.JMeter: PWD       =C:\Users\MAILS\OneDrive\Desktop\JMeterTestResultsAccelerator_Working19thNov - LIVETEST (4)\JMeterTestResultsAccelerator_FinalCode_Sep2026 - 23rd
2026-09-23 12:19:13,912 INFO o.a.j.JMeter: IP: 10.8.0.113 Name: SiddharthMathur FullName: 10.8.0.113
2026-09-23 12:19:13,929 INFO o.a.j.s.FileServer: Default base='C:\Users\MAILS\OneDrive\Desktop\JMeterTestResultsAccelerator_Working19thNov - LIVETEST (4)\JMeterTestResultsAccelerator_FinalCode_Sep2026 - 23rd'
2026-09-23 12:19:13,932 INFO o.a.j.s.FileServer: Set new base='C:\Users\MAILS\OneDrive\Desktop\JMeterTestResultsAccelerator_Working19thNov - LIVETEST (4)\JMeterTestResultsAccelerator_FinalCode_Sep2026 - 23rd\uploads\run_627878a6'
2026-09-23 12:19:14,137 INFO o.a.j.s.SaveService: Testplan (JMX) version: 2.2. Testlog (JTL) version: 2.2
2026-09-23 12:19:14,168 INFO o.a.j.s.SaveService: Using SaveService properties version 5.0
2026-09-23 12:19:14,168 INFO o.a.j.s.SaveService: Using SaveService properties file encoding UTF-8
2026-09-23 12:19:14,184 INFO o.a.j.s.SaveService: Loading file: uploads\run_627878a6\VelocityPulse_Local_Synthetic_Test.jmx
2026-09-23 12:19:14,247 INFO o.a.j.JMeter: Creating summariser <summary>
2026-09-23 12:19:14,263 INFO o.a.j.e.StandardJMeterEngine: Running the test!
2026-09-23 12:19:14,263 INFO o.a.j.s.SampleEvent: List of sample_variables: []
2026-09-23 12:19:14,263 INFO o.a.j.s.SampleEvent: List of sample_variables: []
2026-09-23 12:19:14,274 INFO o.a.j.e.u.CompoundVariable: Note: Function class names must contain the string: '.functions.'
2026-09-23 12:19:14,274 INFO o.a.j.e.u.CompoundVariable: Note: Function class names must not contain the string: '.gui.'
2026-09-23 12:19:14,313 INFO o.a.j.r.ClassFinder: Will scan jar C:\apache-jmeter-5.6.3\apache-jmeter-5.6.3\lib\ext\jmeter-plugins-casutg-3.1.1.jar with filter ExtendsClassFilter [parents=[interface org.apache.jmeter.functions.Function], inner=false, contains=null, notContains=null]. Consider exposing JMeter plugins via META-INF/services, and add JMeter-Skip-Class-Scanning=true manifest attribute so JMeter can skip classfile scanning
2026-09-23 12:19:14,329 INFO o.a.j.r.ClassFinder: Will scan jar C:\apache-jmeter-5.6.3\apache-jmeter-5.6.3\lib\ext\validatetg-1.0.1.jar with filter ExtendsClassFilter [parents=[interface org.apache.jmeter.functions.Function], inner=false, contains=null, notContains=null]. Consider exposing JMeter plugins via META-INF/services, and add JMeter-Skip-Class-Scanning=true manifest attribute so JMeter can skip classfile scanning
2026-09-23 12:19:14,329 INFO o.a.j.r.ClassFinder: Will scan jar C:\apache-jmeter-5.6.3\apache-jmeter-5.6.3\lib\ext\jmeter-plugins-manager-1.11.jar with filter ExtendsClassFilter [parents=[interface org.apache.jmeter.functions.Function], inner=false, contains=null, notContains=null]. Consider exposing JMeter plugins via META-INF/services, and add JMeter-Skip-Class-Scanning=true manifest attribute so JMeter can skip classfile scanning
2026-09-23 12:19:14,611 INFO o.a.j.JMeter: Running test (1790162354611)
2026-09-23 12:19:14,627 INFO o.a.j.e.StandardJMeterEngine: Starting ThreadGroup: 1 : VelocityPulse Users
2026-09-23 12:19:14,627 INFO o.a.j.e.StandardJMeterEngine: Starting 5 threads for group VelocityPulse Users.
2026-09-23 12:19:14,627 INFO o.a.j.e.StandardJMeterEngine: Thread will continue on error
2026-09-23 12:19:14,627 INFO o.a.j.t.ThreadGroup: Starting thread group... number=1 threads=5 ramp-up=5 delayedStart=false
2026-09-23 12:19:14,635 INFO o.a.j.t.ThreadGroup: Started thread group number 1
2026-09-23 12:19:14,636 INFO o.a.j.e.StandardJMeterEngine: All thread groups have been started
2026-09-23 12:19:14,638 INFO o.a.j.t.JMeterThread: Thread started: VelocityPulse Users 1-1
2026-09-23 12:19:14,640 INFO o.a.j.s.SampleResult: Note: Sample TimeStamps are START times
2026-09-23 12:19:14,640 INFO o.a.j.s.SampleResult: sampleresult.default.encoding is set to UTF-8
2026-09-23 12:19:14,640 INFO o.a.j.s.SampleResult: sampleresult.useNanoTime=true
2026-09-23 12:19:14,640 INFO o.a.j.s.SampleResult: sampleresult.nanoThreadSleep=5000
2026-09-23 12:19:15,633 INFO o.a.j.t.JMeterThread: Thread started: VelocityPulse Users 1-2
2026-09-23 12:19:16,631 INFO o.a.j.t.JMeterThread: Thread started: VelocityPulse Users 1-3
2026-09-23 12:19:17,638 INFO o.a.j.t.JMeterThread: Thread started: VelocityPulse Users 1-4
2026-09-23 12:19:18,637 INFO o.a.j.t.JMeterThread: Thread started: VelocityPulse Users 1-5
2026-09-23 12:19:30,570 INFO o.a.j.r.Summariser: summary +     81 in 00:00:16 =    5.1/s Avg:   826 Min:   191 Max:  1657 Err:     2 (2.47%) Active: 5 Started: 5 Finished: 0
2026-09-23 12:20:00,055 INFO o.a.j.r.Summariser: summary +    178 in 00:00:29 =    6.0/s Avg:   832 Min:   139 Max:  1749 Err:     5 (2.81%) Active: 5 Started: 5 Finished: 0
2026-09-23 12:20:00,055 INFO o.a.j.r.Summariser: summary =    259 in 00:00:45 =    5.7/s Avg:   830 Min:   139 Max:  1749 Err:     7 (2.70%)
2026-09-23 12:20:14,302 INFO o.a.j.t.JMeterThread: Thread is done: VelocityPulse Users 1-2
2026-09-23 12:20:14,302 INFO o.a.j.t.JMeterThread: Thread finished: VelocityPulse Users 1-2
2026-09-23 12:20:15,638 INFO o.a.j.t.JMeterThread: Thread is done: VelocityPulse Users 1-3
2026-09-23 12:20:15,638 INFO o.a.j.t.JMeterThread: Thread finished: VelocityPulse Users 1-3
2026-09-23 12:20:16,705 INFO o.a.j.t.JMeterThread: Thread is done: VelocityPulse Users 1-1
2026-09-23 12:20:16,705 INFO o.a.j.t.JMeterThread: Thread finished: VelocityPulse Users 1-1
2026-09-23 12:20:18,252 INFO o.a.j.t.JMeterThread: Thread is done: VelocityPulse Users 1-4
2026-09-23 12:20:18,252 INFO o.a.j.t.JMeterThread: Thread finished: VelocityPulse Users 1-4
2026-09-23 12:20:18,696 INFO o.a.j.t.JMeterThread: Thread is done: VelocityPulse Users 1-5
2026-09-23 12:20:18,696 INFO o.a.j.t.JMeterThread: Thread finished: VelocityPulse Users 1-5
2026-09-23 12:20:18,696 INFO o.a.j.e.StandardJMeterEngine: Notifying test listeners of end of test
2026-09-23 12:20:18,712 INFO o.a.j.r.Summariser: summary +    101 in 00:00:19 =    5.4/s Avg:   840 Min:   197 Max:  1735 Err:     1 (0.99%) Active: 0 Started: 5 Finished: 5
2026-09-23 12:20:18,712 INFO o.a.j.r.Summariser: summary =    360 in 00:01:04 =    5.6/s Avg:   833 Min:   139 Max:  1749 Err:     8 (2.22%)
