2026-09-23 14:13:07,589 INFO o.a.j.u.JMeterUtils: Setting Locale to en_EN
2026-09-23 14:13:07,612 INFO o.a.j.JMeter: Loading user properties from: C:\apache-jmeter-5.6.3\apache-jmeter-5.6.3\bin\user.properties
2026-09-23 14:13:07,612 INFO o.a.j.JMeter: Loading system properties from: C:\apache-jmeter-5.6.3\apache-jmeter-5.6.3\bin\system.properties
2026-09-23 14:13:07,612 INFO o.a.j.JMeter: Copyright (c) 1998-2024 The Apache Software Foundation
2026-09-23 14:13:07,612 INFO o.a.j.JMeter: Version 5.6.3
2026-09-23 14:13:07,612 INFO o.a.j.JMeter: java.version=17.0.12
2026-09-23 14:13:07,612 INFO o.a.j.JMeter: java.vm.name=Java HotSpot(TM) 64-Bit Server VM
2026-09-23 14:13:07,612 INFO o.a.j.JMeter: os.name=Windows 11
2026-09-23 14:13:07,612 INFO o.a.j.JMeter: os.arch=amd64
2026-09-23 14:13:07,612 INFO o.a.j.JMeter: os.version=10.0
2026-09-23 14:13:07,612 INFO o.a.j.JMeter: file.encoding=Cp1252
2026-09-23 14:13:07,612 INFO o.a.j.JMeter: java.awt.headless=true
2026-09-23 14:13:07,612 INFO o.a.j.JMeter: Max memory     =1073741824
2026-09-23 14:13:07,612 INFO o.a.j.JMeter: Available Processors =8
2026-09-23 14:13:07,633 INFO o.a.j.JMeter: Default Locale=English (EN)
2026-09-23 14:13:07,633 INFO o.a.j.JMeter: JMeter  Locale=English (EN)
2026-09-23 14:13:07,633 INFO o.a.j.JMeter: JMeterHome=C:\apache-jmeter-5.6.3\apache-jmeter-5.6.3
2026-09-23 14:13:07,633 INFO o.a.j.JMeter: user.dir  =C:\Users\MAILS\OneDrive\Desktop\JMeterTestResultsAccelerator_Working19thNov - LIVETEST (4)\JMeterTestResultsAccelerator_FinalCode_Sep2026 - 23rd
2026-09-23 14:13:07,633 INFO o.a.j.JMeter: PWD       =C:\Users\MAILS\OneDrive\Desktop\JMeterTestResultsAccelerator_Working19thNov - LIVETEST (4)\JMeterTestResultsAccelerator_FinalCode_Sep2026 - 23rd
2026-09-23 14:13:07,661 INFO o.a.j.JMeter: IP: 10.8.0.113 Name: SiddharthMathur FullName: 10.8.0.113
2026-09-23 14:13:07,677 INFO o.a.j.s.FileServer: Default base='C:\Users\MAILS\OneDrive\Desktop\JMeterTestResultsAccelerator_Working19thNov - LIVETEST (4)\JMeterTestResultsAccelerator_FinalCode_Sep2026 - 23rd'
2026-09-23 14:13:07,677 INFO o.a.j.s.FileServer: Set new base='C:\Users\MAILS\OneDrive\Desktop\JMeterTestResultsAccelerator_Working19thNov - LIVETEST (4)\JMeterTestResultsAccelerator_FinalCode_Sep2026 - 23rd\uploads\run_e252b47b'
2026-09-23 14:13:07,890 INFO o.a.j.s.SaveService: Testplan (JMX) version: 2.2. Testlog (JTL) version: 2.2
2026-09-23 14:13:07,931 INFO o.a.j.s.SaveService: Using SaveService properties version 5.0
2026-09-23 14:13:07,944 INFO o.a.j.s.SaveService: Using SaveService properties file encoding UTF-8
2026-09-23 14:13:07,944 INFO o.a.j.s.SaveService: Loading file: uploads\run_e252b47b\VelocityPulse_Local_Synthetic_Test.jmx
2026-09-23 14:13:08,054 INFO o.a.j.JMeter: Creating summariser <summary>
2026-09-23 14:13:08,096 INFO o.a.j.e.StandardJMeterEngine: Running the test!
2026-09-23 14:13:08,096 INFO o.a.j.s.SampleEvent: List of sample_variables: []
2026-09-23 14:13:08,096 INFO o.a.j.s.SampleEvent: List of sample_variables: []
2026-09-23 14:13:08,103 INFO o.a.j.e.u.CompoundVariable: Note: Function class names must contain the string: '.functions.'
2026-09-23 14:13:08,103 INFO o.a.j.e.u.CompoundVariable: Note: Function class names must not contain the string: '.gui.'
2026-09-23 14:13:08,288 INFO o.a.j.r.ClassFinder: Will scan jar C:\apache-jmeter-5.6.3\apache-jmeter-5.6.3\lib\ext\jmeter-plugins-casutg-3.1.1.jar with filter ExtendsClassFilter [parents=[interface org.apache.jmeter.functions.Function], inner=false, contains=null, notContains=null]. Consider exposing JMeter plugins via META-INF/services, and add JMeter-Skip-Class-Scanning=true manifest attribute so JMeter can skip classfile scanning
2026-09-23 14:13:08,305 INFO o.a.j.r.ClassFinder: Will scan jar C:\apache-jmeter-5.6.3\apache-jmeter-5.6.3\lib\ext\validatetg-1.0.1.jar with filter ExtendsClassFilter [parents=[interface org.apache.jmeter.functions.Function], inner=false, contains=null, notContains=null]. Consider exposing JMeter plugins via META-INF/services, and add JMeter-Skip-Class-Scanning=true manifest attribute so JMeter can skip classfile scanning
2026-09-23 14:13:08,311 INFO o.a.j.r.ClassFinder: Will scan jar C:\apache-jmeter-5.6.3\apache-jmeter-5.6.3\lib\ext\jmeter-plugins-manager-1.11.jar with filter ExtendsClassFilter [parents=[interface org.apache.jmeter.functions.Function], inner=false, contains=null, notContains=null]. Consider exposing JMeter plugins via META-INF/services, and add JMeter-Skip-Class-Scanning=true manifest attribute so JMeter can skip classfile scanning
2026-09-23 14:13:08,603 INFO o.a.j.JMeter: Running test (1790169188603)
2026-09-23 14:13:08,622 INFO o.a.j.e.StandardJMeterEngine: Starting ThreadGroup: 1 : VelocityPulse Users
2026-09-23 14:13:08,622 INFO o.a.j.e.StandardJMeterEngine: Starting 5 threads for group VelocityPulse Users.
2026-09-23 14:13:08,622 INFO o.a.j.e.StandardJMeterEngine: Thread will continue on error
2026-09-23 14:13:08,622 INFO o.a.j.t.ThreadGroup: Starting thread group... number=1 threads=5 ramp-up=5 delayedStart=false
2026-09-23 14:13:08,626 INFO o.a.j.t.ThreadGroup: Started thread group number 1
2026-09-23 14:13:08,626 INFO o.a.j.e.StandardJMeterEngine: All thread groups have been started
2026-09-23 14:13:08,629 INFO o.a.j.t.JMeterThread: Thread started: VelocityPulse Users 1-1
2026-09-23 14:13:08,631 INFO o.a.j.s.SampleResult: Note: Sample TimeStamps are START times
2026-09-23 14:13:08,631 INFO o.a.j.s.SampleResult: sampleresult.default.encoding is set to UTF-8
2026-09-23 14:13:08,632 INFO o.a.j.s.SampleResult: sampleresult.useNanoTime=true
2026-09-23 14:13:08,632 INFO o.a.j.s.SampleResult: sampleresult.nanoThreadSleep=5000
2026-09-23 14:13:09,637 INFO o.a.j.t.JMeterThread: Thread started: VelocityPulse Users 1-2
2026-09-23 14:13:10,627 INFO o.a.j.t.JMeterThread: Thread started: VelocityPulse Users 1-3
2026-09-23 14:13:11,628 INFO o.a.j.t.JMeterThread: Thread started: VelocityPulse Users 1-4
2026-09-23 14:13:12,628 INFO o.a.j.t.JMeterThread: Thread started: VelocityPulse Users 1-5
2026-09-23 14:13:30,266 INFO o.a.j.r.Summariser: summary +    115 in 00:00:22 =    5.3/s Avg:   824 Min:   147 Max:  1626 Err:     7 (6.09%) Active: 5 Started: 5 Finished: 0
2026-09-23 14:14:00,105 INFO o.a.j.r.Summariser: summary +    173 in 00:00:30 =    5.8/s Avg:   866 Min:   149 Max:  1748 Err:     9 (5.20%) Active: 5 Started: 5 Finished: 0
2026-09-23 14:14:00,105 INFO o.a.j.r.Summariser: summary =    288 in 00:00:52 =    5.6/s Avg:   849 Min:   147 Max:  1748 Err:    16 (5.56%)
2026-09-23 14:14:09,647 INFO o.a.j.t.JMeterThread: Thread is done: VelocityPulse Users 1-1
2026-09-23 14:14:09,647 INFO o.a.j.t.JMeterThread: Thread finished: VelocityPulse Users 1-1
2026-09-23 14:14:10,246 INFO o.a.j.t.JMeterThread: Thread is done: VelocityPulse Users 1-3
2026-09-23 14:14:10,246 INFO o.a.j.t.JMeterThread: Thread finished: VelocityPulse Users 1-3
2026-09-23 14:14:10,312 INFO o.a.j.t.JMeterThread: Thread is done: VelocityPulse Users 1-2
2026-09-23 14:14:10,313 INFO o.a.j.t.JMeterThread: Thread finished: VelocityPulse Users 1-2
2026-09-23 14:14:13,395 INFO o.a.j.t.JMeterThread: Thread is done: VelocityPulse Users 1-5
2026-09-23 14:14:13,396 INFO o.a.j.t.JMeterThread: Thread finished: VelocityPulse Users 1-5
2026-09-23 14:14:13,711 INFO o.a.j.t.JMeterThread: Thread is done: VelocityPulse Users 1-4
2026-09-23 14:14:13,711 INFO o.a.j.t.JMeterThread: Thread finished: VelocityPulse Users 1-4
2026-09-23 14:14:13,711 INFO o.a.j.e.StandardJMeterEngine: Notifying test listeners of end of test
2026-09-23 14:14:13,717 INFO o.a.j.r.Summariser: summary +     72 in 00:00:14 =    5.3/s Avg:   820 Min:   216 Max:  1663 Err:     5 (6.94%) Active: 0 Started: 5 Finished: 5
2026-09-23 14:14:13,719 INFO o.a.j.r.Summariser: summary =    360 in 00:01:05 =    5.5/s Avg:   843 Min:   147 Max:  1748 Err:    21 (5.83%)
