2026-09-23 11:53:50,610 INFO o.a.j.u.JMeterUtils: Setting Locale to en_EN
2026-09-23 11:53:50,626 INFO o.a.j.JMeter: Loading user properties from: C:\apache-jmeter-5.6.3\apache-jmeter-5.6.3\bin\user.properties
2026-09-23 11:53:50,636 INFO o.a.j.JMeter: Loading system properties from: C:\apache-jmeter-5.6.3\apache-jmeter-5.6.3\bin\system.properties
2026-09-23 11:53:50,636 INFO o.a.j.JMeter: Setting JMeter property: jmeter.save.saveservice.output_format=csv
2026-09-23 11:53:50,636 INFO o.a.j.JMeter: Setting JMeter property: jmeter.save.saveservice.print_field_names=true
2026-09-23 11:53:50,636 INFO o.a.j.JMeter: Setting JMeter property: jmeter.save.saveservice.timestamp_format=ms
2026-09-23 11:53:50,636 INFO o.a.j.JMeter: Setting JMeter property: jmeter.save.saveservice.default_delimiter=,
2026-09-23 11:53:50,636 INFO o.a.j.JMeter: Setting JMeter property: jmeter.save.saveservice.autoflush=true
2026-09-23 11:53:50,636 INFO o.a.j.JMeter: Setting JMeter property: jmeter.save.saveservice.time=true
2026-09-23 11:53:50,636 INFO o.a.j.JMeter: Setting JMeter property: jmeter.save.saveservice.label=true
2026-09-23 11:53:50,636 INFO o.a.j.JMeter: Setting JMeter property: jmeter.save.saveservice.success=true
2026-09-23 11:53:50,636 INFO o.a.j.JMeter: Setting JMeter property: jmeter.save.saveservice.thread_counts=true
2026-09-23 11:53:50,636 INFO o.a.j.JMeter: Setting JMeter property: jmeter.save.saveservice.response_code=true
2026-09-23 11:53:50,636 INFO o.a.j.JMeter: Setting JMeter property: jmeter.save.saveservice.response_message=true
2026-09-23 11:53:50,642 INFO o.a.j.JMeter: Copyright (c) 1998-2024 The Apache Software Foundation
2026-09-23 11:53:50,642 INFO o.a.j.JMeter: Version 5.6.3
2026-09-23 11:53:50,642 INFO o.a.j.JMeter: java.version=17.0.12
2026-09-23 11:53:50,642 INFO o.a.j.JMeter: java.vm.name=Java HotSpot(TM) 64-Bit Server VM
2026-09-23 11:53:50,642 INFO o.a.j.JMeter: os.name=Windows 11
2026-09-23 11:53:50,642 INFO o.a.j.JMeter: os.arch=amd64
2026-09-23 11:53:50,642 INFO o.a.j.JMeter: os.version=10.0
2026-09-23 11:53:50,642 INFO o.a.j.JMeter: file.encoding=Cp1252
2026-09-23 11:53:50,642 INFO o.a.j.JMeter: java.awt.headless=true
2026-09-23 11:53:50,642 INFO o.a.j.JMeter: Max memory     =1073741824
2026-09-23 11:53:50,642 INFO o.a.j.JMeter: Available Processors =8
2026-09-23 11:53:50,658 INFO o.a.j.JMeter: Default Locale=English (EN)
2026-09-23 11:53:50,658 INFO o.a.j.JMeter: JMeter  Locale=English (EN)
2026-09-23 11:53:50,658 INFO o.a.j.JMeter: JMeterHome=C:\apache-jmeter-5.6.3\apache-jmeter-5.6.3
2026-09-23 11:53:50,658 INFO o.a.j.JMeter: user.dir  =C:\Users\MAILS\OneDrive\Desktop\JMeterTestResultsAccelerator_Working19thNov - LIVETEST (4)\JMeterTestResultsAccelerator_FinalCode_Sep2026 - 23rd\uploads\run_cf67694c37754a9c894c63c8716f011f
2026-09-23 11:53:50,658 INFO o.a.j.JMeter: PWD       =C:\Users\MAILS\OneDrive\Desktop\JMeterTestResultsAccelerator_Working19thNov - LIVETEST (4)\JMeterTestResultsAccelerator_FinalCode_Sep2026 - 23rd\uploads\run_cf67694c37754a9c894c63c8716f011f
2026-09-23 11:53:50,681 INFO o.a.j.JMeter: IP: 10.8.0.113 Name: SiddharthMathur FullName: 10.8.0.113
2026-09-23 11:53:50,699 INFO o.a.j.s.FileServer: Default base='C:\Users\MAILS\OneDrive\Desktop\JMeterTestResultsAccelerator_Working19thNov - LIVETEST (4)\JMeterTestResultsAccelerator_FinalCode_Sep2026 - 23rd\uploads\run_cf67694c37754a9c894c63c8716f011f'
2026-09-23 11:53:50,700 INFO o.a.j.s.FileServer: Set new base='C:\Users\MAILS\OneDrive\Desktop\JMeterTestResultsAccelerator_Working19thNov - LIVETEST (4)\JMeterTestResultsAccelerator_FinalCode_Sep2026 - 23rd\uploads\run_cf67694c37754a9c894c63c8716f011f'
2026-09-23 11:53:50,920 INFO o.a.j.s.SaveService: Testplan (JMX) version: 2.2. Testlog (JTL) version: 2.2
2026-09-23 11:53:50,946 INFO o.a.j.s.SaveService: Using SaveService properties version 5.0
2026-09-23 11:53:50,957 INFO o.a.j.s.SaveService: Using SaveService properties file encoding UTF-8
2026-09-23 11:53:50,962 INFO o.a.j.s.SaveService: Loading file: C:\Users\MAILS\OneDrive\Desktop\JMeterTestResultsAccelerator_Working19thNov - LIVETEST (4)\JMeterTestResultsAccelerator_FinalCode_Sep2026 - 23rd\uploads\run_cf67694c37754a9c894c63c8716f011f\VelocityPulse_Local_Synthetic_Test.jmx
2026-09-23 11:53:51,032 INFO o.a.j.JMeter: Creating summariser <summary>
2026-09-23 11:53:51,054 INFO o.a.j.e.StandardJMeterEngine: Running the test!
2026-09-23 11:53:51,056 INFO o.a.j.s.SampleEvent: List of sample_variables: []
2026-09-23 11:53:51,056 INFO o.a.j.s.SampleEvent: List of sample_variables: []
2026-09-23 11:53:51,060 INFO o.a.j.e.u.CompoundVariable: Note: Function class names must contain the string: '.functions.'
2026-09-23 11:53:51,060 INFO o.a.j.e.u.CompoundVariable: Note: Function class names must not contain the string: '.gui.'
2026-09-23 11:53:51,105 INFO o.a.j.r.ClassFinder: Will scan jar C:\apache-jmeter-5.6.3\apache-jmeter-5.6.3\lib\ext\jmeter-plugins-casutg-3.1.1.jar with filter ExtendsClassFilter [parents=[interface org.apache.jmeter.functions.Function], inner=false, contains=null, notContains=null]. Consider exposing JMeter plugins via META-INF/services, and add JMeter-Skip-Class-Scanning=true manifest attribute so JMeter can skip classfile scanning
2026-09-23 11:53:51,105 INFO o.a.j.r.ClassFinder: Will scan jar C:\apache-jmeter-5.6.3\apache-jmeter-5.6.3\lib\ext\validatetg-1.0.1.jar with filter ExtendsClassFilter [parents=[interface org.apache.jmeter.functions.Function], inner=false, contains=null, notContains=null]. Consider exposing JMeter plugins via META-INF/services, and add JMeter-Skip-Class-Scanning=true manifest attribute so JMeter can skip classfile scanning
2026-09-23 11:53:51,121 INFO o.a.j.r.ClassFinder: Will scan jar C:\apache-jmeter-5.6.3\apache-jmeter-5.6.3\lib\ext\jmeter-plugins-manager-1.11.jar with filter ExtendsClassFilter [parents=[interface org.apache.jmeter.functions.Function], inner=false, contains=null, notContains=null]. Consider exposing JMeter plugins via META-INF/services, and add JMeter-Skip-Class-Scanning=true manifest attribute so JMeter can skip classfile scanning
2026-09-23 11:53:51,393 INFO o.a.j.JMeter: Running test (1790160831393)
2026-09-23 11:53:51,408 INFO o.a.j.e.StandardJMeterEngine: Starting ThreadGroup: 1 : VelocityPulse Users
2026-09-23 11:53:51,408 INFO o.a.j.e.StandardJMeterEngine: Starting 5 threads for group VelocityPulse Users.
2026-09-23 11:53:51,408 INFO o.a.j.e.StandardJMeterEngine: Thread will continue on error
2026-09-23 11:53:51,408 INFO o.a.j.t.ThreadGroup: Starting thread group... number=1 threads=5 ramp-up=5 delayedStart=false
2026-09-23 11:53:51,420 INFO o.a.j.t.ThreadGroup: Started thread group number 1
2026-09-23 11:53:51,420 INFO o.a.j.e.StandardJMeterEngine: All thread groups have been started
2026-09-23 11:53:51,422 INFO o.a.j.t.JMeterThread: Thread started: VelocityPulse Users 1-1
2026-09-23 11:53:51,422 INFO o.a.j.s.SampleResult: Note: Sample TimeStamps are START times
2026-09-23 11:53:51,422 INFO o.a.j.s.SampleResult: sampleresult.default.encoding is set to UTF-8
2026-09-23 11:53:51,422 INFO o.a.j.s.SampleResult: sampleresult.useNanoTime=true
2026-09-23 11:53:51,422 INFO o.a.j.s.SampleResult: sampleresult.nanoThreadSleep=5000
2026-09-23 11:53:52,423 INFO o.a.j.t.JMeterThread: Thread started: VelocityPulse Users 1-2
2026-09-23 11:53:53,433 INFO o.a.j.t.JMeterThread: Thread started: VelocityPulse Users 1-3
2026-09-23 11:53:54,424 INFO o.a.j.t.JMeterThread: Thread started: VelocityPulse Users 1-4
2026-09-23 11:53:55,414 INFO o.a.j.t.JMeterThread: Thread started: VelocityPulse Users 1-5
2026-09-23 11:54:00,057 INFO o.a.j.r.Summariser: summary +     39 in 00:00:09 =    4.5/s Avg:   819 Min:   237 Max:  1668 Err:     1 (2.56%) Active: 5 Started: 5 Finished: 0
2026-09-23 11:54:30,067 INFO o.a.j.r.Summariser: summary +    177 in 00:00:30 =    5.9/s Avg:   842 Min:   160 Max:  1727 Err:     7 (3.95%) Active: 5 Started: 5 Finished: 0
2026-09-23 11:54:30,067 INFO o.a.j.r.Summariser: summary =    216 in 00:00:39 =    5.6/s Avg:   838 Min:   160 Max:  1727 Err:     8 (3.70%)
2026-09-23 11:54:49,322 INFO o.a.j.t.JMeterThread: Thread is done: VelocityPulse Users 1-2
2026-09-23 11:54:49,322 INFO o.a.j.t.JMeterThread: Thread finished: VelocityPulse Users 1-2
2026-09-23 11:54:54,533 INFO o.a.j.t.JMeterThread: Thread is done: VelocityPulse Users 1-1
2026-09-23 11:54:54,533 INFO o.a.j.t.JMeterThread: Thread finished: VelocityPulse Users 1-1
2026-09-23 11:54:55,463 INFO o.a.j.t.JMeterThread: Thread is done: VelocityPulse Users 1-3
2026-09-23 11:54:55,463 INFO o.a.j.t.JMeterThread: Thread finished: VelocityPulse Users 1-3
2026-09-23 11:54:57,475 INFO o.a.j.t.JMeterThread: Thread is done: VelocityPulse Users 1-5
2026-09-23 11:54:57,475 INFO o.a.j.t.JMeterThread: Thread finished: VelocityPulse Users 1-5
2026-09-23 11:54:57,748 INFO o.a.j.t.JMeterThread: Thread is done: VelocityPulse Users 1-4
2026-09-23 11:54:57,749 INFO o.a.j.t.JMeterThread: Thread finished: VelocityPulse Users 1-4
2026-09-23 11:54:57,749 INFO o.a.j.e.StandardJMeterEngine: Notifying test listeners of end of test
2026-09-23 11:54:57,756 INFO o.a.j.r.Summariser: summary +    144 in 00:00:28 =    5.2/s Avg:   873 Min:   159 Max:  1746 Err:     5 (3.47%) Active: 0 Started: 5 Finished: 5
2026-09-23 11:54:57,758 INFO o.a.j.r.Summariser: summary =    360 in 00:01:06 =    5.4/s Avg:   852 Min:   159 Max:  1746 Err:    13 (3.61%)
